Component: ARM Compiler 6.14 Tool: armlink [5db06800]

==============================================================================

Section Cross References

    main.o(.text) refers (Special) to _printf_d.o(.ARM.Collect$$_printf_percent$$00000009) for _printf_d
    main.o(.text) refers (Special) to _printf_dec.o(.text) for _printf_int_dec
    main.o(.text) refers (Special) to _printf_percent.o(.ARM.Collect$$_printf_percent$$00000000) for _printf_percent
    main.o(.text.main) refers (Special) to _printf_d.o(.ARM.Collect$$_printf_percent$$00000009) for _printf_d
    main.o(.text.main) refers (Special) to _printf_dec.o(.text) for _printf_int_dec
    main.o(.text.main) refers (Special) to _printf_percent.o(.ARM.Collect$$_printf_percent$$00000000) for _printf_percent
    main.o(.text.main) refers to main.o(.text.System_Config) for System_Config
    main.o(.text.main) refers to main.o(.text.KeyPadEnable) for KeyPadEnable
    main.o(.text.main) refers to main.o(.text.SPI3_Config) for SPI3_Config
    main.o(.text.main) refers to main.o(.text.LCD_start) for LCD_start
    main.o(.text.main) refers to main.o(.text.LCD_clear) for LCD_clear
    main.o(.text.main) refers to rand.o(.emb_text) for rand
    main.o(.text.main) refers to aeabi_sdiv.o(.text) for __aeabi_idivmod
    main.o(.text.main) refers to lcd.o(.text.draw_Bmp32x32) for draw_Bmp32x32
    main.o(.text.main) refers to lcd.o(.text.printS_5x7) for printS_5x7
    main.o(.text.main) refers to main.o(.text.CLK_SysTickDelay) for CLK_SysTickDelay
    main.o(.text.main) refers to lcd.o(.text.draw_Bmp64x64) for draw_Bmp64x64
    main.o(.text.main) refers to main.o(.text.print_TitleScreen_START) for print_TitleScreen_START
    main.o(.text.main) refers to main.o(.text.print_Difficuly_EASY) for print_Difficuly_EASY
    main.o(.text.main) refers to main.o(.text.KeyPadScanning) for KeyPadScanning
    main.o(.text.main) refers to noretval__2sprintf.o(.text) for __2sprintf
    main.o(.text.main) refers to main.o(.text.print_TitleScreen_HowToPlay) for print_TitleScreen_HowToPlay
    main.o(.text.main) refers to draw2d.o(.text.draw_Line) for draw_Line
    main.o(.text.main) refers to lcd.o(.text.draw_Bmp8x8) for draw_Bmp8x8
    main.o(.text.main) refers to main.o(.text.print_backgroundline) for print_backgroundline
    main.o(.text.main) refers to main.o(.text.print_Difficuly_HARD) for print_Difficuly_HARD
    main.o(.text.main) refers to main.o(.text.print_Difficuly_NORMAL) for print_Difficuly_NORMAL
    main.o(.text.main) refers to main.o(.data.clouds32x32) for clouds32x32
    main.o(.text.main) refers to main.o(.rodata.str1.1) for .L.str
    main.o(.text.main) refers to main.o(.data.title_screen64x64) for title_screen64x64
    main.o(.text.main) refers to main.o(.text.erase_Difficulty) for erase_Difficulty
    main.o(.text.main) refers to main.o(.text.print_TitleScreen_SCORES) for print_TitleScreen_SCORES
    main.o(.text.main) refers to main.o(.text.erase_TitleScreen) for erase_TitleScreen
    main.o(.text.main) refers to main.o(.text.erase_backgroundline) for erase_backgroundline
    main.o(.text.main) refers to main.o(.data.player_8x8) for player_8x8
    main.o(.ARM.exidx.text.main) refers (Special) to _printf_d.o(.ARM.Collect$$_printf_percent$$00000009) for _printf_d
    main.o(.ARM.exidx.text.main) refers (Special) to _printf_dec.o(.text) for _printf_int_dec
    main.o(.ARM.exidx.text.main) refers (Special) to _printf_percent.o(.ARM.Collect$$_printf_percent$$00000000) for _printf_percent
    main.o(.ARM.exidx.text.main) refers to main.o(.text.main) for [Anonymous Symbol]
    main.o(.text.System_Config) refers (Special) to _printf_d.o(.ARM.Collect$$_printf_percent$$00000009) for _printf_d
    main.o(.text.System_Config) refers (Special) to _printf_dec.o(.text) for _printf_int_dec
    main.o(.text.System_Config) refers (Special) to _printf_percent.o(.ARM.Collect$$_printf_percent$$00000000) for _printf_percent
    main.o(.ARM.exidx.text.System_Config) refers (Special) to _printf_d.o(.ARM.Collect$$_printf_percent$$00000009) for _printf_d
    main.o(.ARM.exidx.text.System_Config) refers (Special) to _printf_dec.o(.text) for _printf_int_dec
    main.o(.ARM.exidx.text.System_Config) refers (Special) to _printf_percent.o(.ARM.Collect$$_printf_percent$$00000000) for _printf_percent
    main.o(.ARM.exidx.text.System_Config) refers to main.o(.text.System_Config) for [Anonymous Symbol]
    main.o(.text.KeyPadEnable) refers (Special) to _printf_d.o(.ARM.Collect$$_printf_percent$$00000009) for _printf_d
    main.o(.text.KeyPadEnable) refers (Special) to _printf_dec.o(.text) for _printf_int_dec
    main.o(.text.KeyPadEnable) refers (Special) to _printf_percent.o(.ARM.Collect$$_printf_percent$$00000000) for _printf_percent
    main.o(.text.KeyPadEnable) refers to gpio.o(.text.GPIO_SetMode) for GPIO_SetMode
[...]
    rand.o(.emb_text) refers to rand.o(.text) for _rand_init
    rand.o(.emb_text) refers to rand.o(.bss) for _random_number_data
    rand.o(.text) refers (Special) to libinit2.o(.ARM.Collect$$libinit$$0000000D) for __rt_lib_init_rand_2
    rand.o(.text) refers to rand.o(.bss) for .bss
    rand.o(.bss) refers (Special) to libinit2.o(.ARM.Collect$$libinit$$0000000D) for __rt_lib_init_rand_2
    __main.o(!!!main) refers to __rtentry.o(.ARM.Collect$$rtentry$$00000000) for __rt_entry
    __rtentry.o(.ARM.Collect$$rtentry$$00000000) refers (Special) to __rtentry2.o(.ARM.Collect$$rtentry$$0000000A) for __rt_entry_li
    __rtentry.o(.ARM.Collect$$rtentry$$00000000) refers (Special) to __rtentry2.o(.ARM.Collect$$rtentry$$0000000D) for __rt_entry_main
    __rtentry.o(.ARM.Collect$$rtentry$$00000000) refers (Special) to __rtentry2.o(.ARM.Collect$$rtentry$$0000000C) for __rt_entry_postli_1
    __rtentry.o(.ARM.Collect$$rtentry$$00000000) refers (Special) to __rtentry2.o(.ARM.Collect$$rtentry$$00000009) for __rt_entry_postsh_1
    __rtentry.o(.ARM.Collect$$rtentry$$00000000) refers (Special) to __rtentry2.o(.ARM.Collect$$rtentry$$00000002) for __rt_entry_presh_1
    __rtentry.o(.ARM.Collect$$rtentry$$00000000) refers (Special) to __rtentry4.o(.ARM.Collect$$rtentry$$00000004) for __rt_entry_sh
    aeabi_idiv0_sigfpe.o(.text) refers to rt_div0.o(.text) for __rt_div0
    _printf_char_common.o(.text) refers to __printf.o(.text) for __printf
    libinit2.o(.ARM.Collect$$libinit$$0000000D) refers (Weak) to rand.o(.text) for _rand_init
    libinit2.o(.ARM.Collect$$libinit$$00000010) refers to libinit2.o(.ARM.Collect$$libinit$$0000000F) for .ARM.Collect$$libinit$$0000000F
    libinit2.o(.ARM.Collect$$libinit$$00000012) refers to libinit2.o(.ARM.Collect$$libinit$$0000000F) for .ARM.Collect$$libinit$$0000000F
    libinit2.o(.ARM.Collect$$libinit$$00000014) refers to libinit2.o(.ARM.Collect$$libinit$$0000000F) for .ARM.Collect$$libinit$$0000000F
    libinit2.o(.ARM.Collect$$libinit$$00000016) refers to libinit2.o(.ARM.Collect$$libinit$$0000000F) for .ARM.Collect$$libinit$$0000000F
    libinit2.o(.ARM.Collect$$libinit$$00000018) refers to libinit2.o(.ARM.Collect$$libinit$$0000000F) for .ARM.Collect$$libinit$$0000000F
    libinit2.o(.ARM.Collect$$libinit$$00000026) refers to argv_veneer.o(.text) for __ARM_argv_veneer
    libinit2.o(.ARM.Collect$$libinit$$00000027) refers to argv_veneer.o(.text) for __ARM_argv_veneer
    __rtentry2.o(.ARM.Collect$$rtentry$$00000008) refers to boardinit2.o(.text) for _platform_post_stackheap_init
    __rtentry2.o(.ARM.Collect$$rtentry$$0000000A) refers to libinit.o(.ARM.Collect$$libinit$$00000000) for __rt_lib_init
    __rtentry2.o(.ARM.Collect$$rtentry$$0000000B) refers to boardinit3.o(.text) for _platform_post_lib_init
    __rtentry2.o(.ARM.Collect$$rtentry$$0000000D) refers to main.o(.text.main) for main
    __rtentry2.o(.ARM.Collect$$rtentry$$0000000D) refers to exit.o(.text) for exit
    __rtentry2.o(.ARM.exidx) refers to __rtentry2.o(.ARM.Collect$$rtentry$$00000001) for .ARM.Collect$$rtentry$$00000001
    __rtentry2.o(.ARM.exidx) refers to __rtentry2.o(.ARM.Collect$$rtentry$$00000008) for .ARM.Collect$$rtentry$$00000008
    __rtentry2.o(.ARM.exidx) refers to __rtentry2.o(.ARM.Collect$$rtentry$$0000000A) for .ARM.Collect$$rtentry$$0000000A
    __rtentry2.o(.ARM.exidx) refers to __rtentry2.o(.ARM.Collect$$rtentry$$0000000B) for .ARM.Collect$$rtentry$$0000000B
    __rtentry2.o(.ARM.exidx) refers to __rtentry2.o(.ARM.Collect$$rtentry$$0000000D) for .ARM.Collect$$rtentry$$0000000D
    __rtentry4.o(.ARM.Collect$$rtentry$$00000004) refers to sys_stackheap_outer.o(.text) for __user_setup_stackheap
    __rtentry4.o(.ARM.exidx) refers to __rtentry4.o(.ARM.Collect$$rtentry$$00000004) for .ARM.Collect$$rtentry$$00000004
    rt_div0.o(.text) refers to defsig_fpe_outer.o(.text) for __rt_SIGFPE
    sys_stackheap_outer.o(.text) refers to libspace.o(.text) for __user_perproc_libspace
    sys_stackheap_outer.o(.text) refers to startup_nuc100series.o(.text) for __user_initial_stackheap
    sys_stackheap_outer.o(__vectab_stack_and_reset_area) refers to tempstk.o(.text) for __temporary_stack_top
    sys_stackheap_outer.o(__vectab_stack_and_reset_area) refers to __main.o(!!!main) for __main
    exit.o(.text) refers to rtexit.o(.ARM.Collect$$rtexit$$00000000) for __rt_exit
    defsig_fpe_outer.o(.text) refers to defsig_fpe_inner.o(.text) for __rt_SIGFPE_inner
    defsig_fpe_outer.o(.text) refers to defsig_exit.o(.text) for __sig_exit
    defsig_fpe_formal.o(.text) refers to rt_raise.o(.text) for __rt_raise
    _get_argv_nomalloc.o(.text) refers (Special) to hrguard.o(.text) for __heap_region$guard
    _get_argv_nomalloc.o(.text) refers to defsig_rtmem_outer.o(.text) for __rt_SIGRTMEM
    _get_argv_nomalloc.o(.text) refers to sys_command.o(.text) for _sys_command_string
    libinit.o(.ARM.Collect$$libinit$$00000000) refers (Special) to libinit2.o(.ARM.Collect$$libinit$$0000002E) for __rt_lib_init_alloca_1
    libinit.o(.ARM.Collect$$libinit$$00000000) refers (Special) to libinit2.o(.ARM.Collect$$libinit$$0000002C) for __rt_lib_init_argv_1
    libinit.o(.ARM.Collect$$libinit$$00000000) refers (Special) to libinit2.o(.ARM.Collect$$libinit$$0000001B) for __rt_lib_init_atexit_1
    libinit.o(.ARM.Collect$$libinit$$00000000) refers (Special) to libinit2.o(.ARM.Collect$$libinit$$00000021) for __rt_lib_init_clock_1
    libinit.o(.ARM.Collect$$libinit$$00000000) refers (Special) to libinit2.o(.ARM.Collect$$libinit$$00000032) for __rt_lib_init_cpp_1
    libinit.o(.ARM.Collect$$libinit$$00000000) refers (Special) to libinit2.o(.ARM.Collect$$libinit$$00000030) for __rt_lib_init_exceptions_1
    libinit.o(.ARM.Collect$$libinit$$00000000) refers (Special) to libinit2.o(.ARM.Collect$$libinit$$00000002) for __rt_lib_init_fp_1
    libinit.o(.ARM.Collect$$libinit$$00000000) refers (Special) to libinit2.o(.ARM.Collect$$libinit$$0000001F) for __rt_lib_init_fp_trap_1
    libinit.o(.ARM.Collect$$libinit$$00000000) refers (Special) to libinit2.o(.ARM.Collect$$libinit$$00000023) for __rt_lib_init_getenv_1
    libinit.o(.ARM.Collect$$libinit$$00000000) refers (Special) to libinit2.o(.ARM.Collect$$libinit$$0000000A) for __rt_lib_init_heap_1
    libinit.o(.ARM.Collect$$libinit$$00000000) refers (Special) to libinit2.o(.ARM.Collect$$libinit$$00000011) for __rt_lib_init_lc_collate_1
    libinit.o(.ARM.Collect$$libinit$$00000000) refers (Special) to libinit2.o(.ARM.Collect$$libinit$$00000013) for __rt_lib_init_lc_ctype_1
    libinit.o(.ARM.Collect$$libinit$$00000000) refers (Special) to libinit2.o(.ARM.Collect$$libinit$$00000015) for __rt_lib_init_lc_monetary_1
    libinit.o(.ARM.Collect$$libinit$$00000000) refers (Special) to libinit2.o(.ARM.Collect$$libinit$$00000017) for __rt_lib_init_lc_numeric_1
    libinit.o(.ARM.Collect$$libinit$$00000000) refers (Special) to libinit2.o(.ARM.Collect$$libinit$$00000019) for __rt_lib_init_lc_time_1
    libinit.o(.ARM.Collect$$libinit$$00000000) refers (Special) to libinit2.o(.ARM.Collect$$libinit$$00000004) for __rt_lib_init_preinit_1
    libinit.o(.ARM.Collect$$libinit$$00000000) refers (Special) to libinit2.o(.ARM.Collect$$libinit$$0000000E) for __rt_lib_init_rand_1
    libinit.o(.ARM.Collect$$libinit$$00000000) refers (Special) to libinit2.o(.ARM.Collect$$libinit$$00000033) for __rt_lib_init_return
    libinit.o(.ARM.Collect$$libinit$$00000000) refers (Special) to libinit2.o(.ARM.Collect$$libinit$$0000001D) for __rt_lib_init_signal_1
    libinit.o(.ARM.Collect$$libinit$$00000000) refers (Special) to libinit2.o(.ARM.Collect$$libinit$$00000025) for __rt_lib_init_stdio_1
    libinit.o(.ARM.Collect$$libinit$$00000000) refers (Special) to libinit2.o(.ARM.Collect$$libinit$$0000000C) for __rt_lib_init_user_alloc_1
    sys_command.o(.text) refers (Special) to use_no_semi.o(.text) for __I$use$semihosting
    sys_command.o(.text) refers (Special) to indicate_semi.o(.text) for __semihosting_library_function
    sys_command_hlt.o(.text) refers (Special) to use_no_semi.o(.text) for __I$use$semihosting
    sys_command_hlt.o(.text) refers (Special) to indicate_semi.o(.text) for __semihosting_library_function
    libspace.o(.text) refers to libspace.o(.bss) for __libspace_start
    rtexit.o(.ARM.Collect$$rtexit$$00000000) refers (Special) to rtexit2.o(.ARM.Collect$$rtexit$$00000004) for __rt_exit_exit
    rtexit.o(.ARM.Collect$$rtexit$$00000000) refers (Special) to rtexit2.o(.ARM.Collect$$rtexit$$00000003) for __rt_exit_ls
    rtexit.o(.ARM.Collect$$rtexit$$00000000) refers (Special) to rtexit2.o(.ARM.Collect$$rtexit$$00000002) for __rt_exit_prels_1
    rtexit.o(.ARM.exidx) refers (Special) to rtexit2.o(.ARM.Collect$$rtexit$$00000004) for __rt_exit_exit
    rtexit.o(.ARM.exidx) refers (Special) to rtexit2.o(.ARM.Collect$$rtexit$$00000003) for __rt_exit_ls
    rtexit.o(.ARM.exidx) refers (Special) to rtexit2.o(.ARM.Collect$$rtexit$$00000002) for __rt_exit_prels_1
    rtexit.o(.ARM.exidx) refers to rtexit.o(.ARM.Collect$$rtexit$$00000000) for .ARM.Collect$$rtexit$$00000000
    rt_raise.o(.text) refers to __raise.o(.text) for __raise
    rt_raise.o(.text) refers to sys_exit.o(.text) for _sys_exit
    defsig_exit.o(.text) refers to sys_exit.o(.text) for _sys_exit
    defsig_fpe_inner.o(.text) refers to defsig_general.o(.text) for __default_signal_display
    defsig_rtmem_outer.o(.text) refers to defsig_rtmem_inner.o(.text) for __rt_SIGRTMEM_inner
    defsig_rtmem_outer.o(.text) refers to defsig_exit.o(.text) for __sig_exit
    defsig_rtmem_formal.o(.text) refers to rt_raise.o(.text) for __rt_raise
    sys_exit.o(.text) refers (Special) to use_no_semi.o(.text) for __I$use$semihosting
    sys_exit.o(.text) refers (Special) to indicate_semi.o(.text) for __semihosting_library_function
    sys_exit_hlt.o(.text) refers (Special) to use_no_semi.o(.text) for __I$use$semihosting
    sys_exit_hlt.o(.text) refers (Special) to indicate_semi.o(.text) for __semihosting_library_function
    rtexit2.o(.ARM.Collect$$rtexit$$00000003) refers to libshutdown.o(.ARM.Collect$$libshutdown$$00000000) for __rt_lib_shutdown
    rtexit2.o(.ARM.Collect$$rtexit$$00000004) refers to sys_exit.o(.text) for _sys_exit
    rtexit2.o(.ARM.exidx) refers to rtexit2.o(.ARM.Collect$$rtexit$$00000001) for .ARM.Collect$$rtexit$$00000001
    rtexit2.o(.ARM.exidx) refers to rtexit2.o(.ARM.Collect$$rtexit$$00000003) for .ARM.Collect$$rtexit$$00000003
    rtexit2.o(.ARM.exidx) refers to rtexit2.o(.ARM.Collect$$rtexit$$00000004) for .ARM.Collect$$rtexit$$00000004
    __raise.o(.text) refers to defsig.o(CL$$defsig) for __default_signal_handler
    defsig_general.o(.text) refers to sys_wrch.o(.text) for _ttywrch
    defsig_rtmem_inner.o(.text) refers to defsig_general.o(.text) for __default_signal_display
    sys_wrch.o(.text) refers (Special) to use_no_semi.o(.text) for __I$use$semihosting
    sys_wrch.o(.text) refers (Special) to indicate_semi.o(.text) for __semihosting_library_function
    sys_wrch_hlt.o(.text) refers (Special) to use_no_semi.o(.text) for __I$use$semihosting
    sys_wrch_hlt.o(.text) refers (Special) to indicate_semi.o(.text) for __semihosting_library_function
    defsig.o(CL$$defsig) refers to defsig_fpe_inner.o(.text) for __rt_SIGFPE_inner
    defsig.o(CL$$defsig) refers to defsig_rtmem_inner.o(.text) for __rt_SIGRTMEM_inner
    libshutdown.o(.ARM.Collect$$libshutdown$$00000000) refers (Special) to libshutdown2.o(.ARM.Collect$$libshutdown$$00000002) for __rt_lib_shutdown_cpp_1
    libshutdown.o(.ARM.Collect$$libshutdown$$00000000) refers (Special) to libshutdown2.o(.ARM.Collect$$libshutdown$$00000007) for __rt_lib_shutdown_fp_trap_1
    libshutdown.o(.ARM.Collect$$libshutdown$$00000000) refers (Special) to libshutdown2.o(.ARM.Collect$$libshutdown$$0000000F) for __rt_lib_shutdown_heap_1
    libshutdown.o(.ARM.Collect$$libshutdown$$00000000) refers (Special) to libshutdown2.o(.ARM.Collect$$libshutdown$$00000010) for __rt_lib_shutdown_return
    libshutdown.o(.ARM.Collect$$libshutdown$$00000000) refers (Special) to libshutdown2.o(.ARM.Collect$$libshutdown$$0000000A) for __rt_lib_shutdown_signal_1
    libshutdown.o(.ARM.Collect$$libshutdown$$00000000) refers (Special) to libshutdown2.o(.ARM.Collect$$libshutdown$$00000004) for __rt_lib_shutdown_stdio_1
    libshutdown.o(.ARM.Collect$$libshutdown$$00000000) refers (Special) to libshutdown2.o(.ARM.Collect$$libshutdown$$0000000C) for __rt_lib_shutdown_user_alloc_1
    defsig_abrt_inner.o(.text) refers to defsig_general.o(.text) for __default_signal_display
    defsig_rtred_inner.o(.text) refers to defsig_general.o(.text) for __default_signal_display
    defsig_stak_inner.o(.text) refers to defsig_general.o(.text) for __default_signal_display
    defsig_pvfn_inner.o(.text) refers to defsig_general.o(.text) for __default_signal_display
    defsig_cppl_inner.o(.text) refers to defsig_general.o(.text) for __default_signal_display
    defsig_segv_inner.o(.text) refers to defsig_general.o(.text) for __default_signal_display
    defsig_other.o(.text) refers to defsig_general.o(.text) for __default_signal_display


==============================================================================

Removing Unused input sections from the image.

    Removing main.o(.text), (0 bytes).
    Removing main.o(.ARM.exidx.text.main), (8 bytes).
    Removing main.o(.ARM.exidx.text.System_Config), (8 bytes).
    Removing main.o(.ARM.exidx.text.KeyPadEnable), (8 bytes).
    Removing main.o(.ARM.exidx.text.SPI3_Config), (8 bytes).
    Removing main.o(.ARM.exidx.text.LCD_start), (8 bytes).
    Removing main.o(.ARM.exidx.text.LCD_clear), (8 bytes).
    Removing main.o(.ARM.exidx.text.CLK_SysTickDelay), (8 bytes).
    Removing main.o(.ARM.exidx.text.print_TitleScreen_START), (8 bytes).
    Removing main.o(.ARM.exidx.text.print_TitleScreen_HowToPlay), (8 bytes).
    Removing main.o(.ARM.exidx.text.print_TitleScreen_SCORES), (8 bytes).
    Removing main.o(.ARM.exidx.text.KeyPadScanning), (8 bytes).
    Removing main.o(.ARM.exidx.text.erase_TitleScreen), (8 bytes).
    Removing main.o(.ARM.exidx.text.print_Difficuly_EASY), (8 bytes).
    Removing main.o(.ARM.exidx.text.print_Difficuly_NORMAL), (8 bytes).
    Removing main.o(.ARM.exidx.text.print_Difficuly_HARD), (8 bytes).
    Removing main.o(.ARM.exidx.text.erase_Difficulty), (8 bytes).
    Removing main.o(.ARM.exidx.text.print_backgroundline), (8 bytes).
    Removing main.o(.ARM.exidx.text.erase_backgroundline), (8 bytes).
    Removing main.o(.ARM.exidx.text.LCD_command), (8 bytes).
    Removing main.o(.ARM.exidx.text.LCD_data), (8 bytes).
    Removing main.o(.ARM.exidx.text.LCD_SetAddress), (8 bytes).
    Removing main.o(.data.player_8x16), (128 bytes).
    Removing main.o(.data.raindrop_8x8), (64 bytes).
    Removing main.o(.ARM.use_no_argv), (4 bytes).
    Removing system_nuc100series.o(.text), (0 bytes).
    Removing system_nuc100series.o(.text.SystemCoreClockUpdate), (152 bytes).
    Removing system_nuc100series.o(.ARM.exidx.text.SystemCoreClockUpdate), (8 bytes).
    Removing system_nuc100series.o(.ARM.exidx.text.SystemInit), (8 bytes).
    Removing clk.o(.text), (0 bytes).
    Removing clk.o(.text.CLK_DisableCKO), (16 bytes).
    Removing clk.o(.ARM.exidx.text.CLK_DisableCKO), (8 bytes).
    Removing clk.o(.text.CLK_DisableModuleClock), (36 bytes).
    Removing clk.o(.ARM.exidx.text.CLK_DisableModuleClock), (8 bytes).
    Removing clk.o(.text.CLK_EnableCKO), (36 bytes).
    Removing clk.o(.ARM.exidx.text.CLK_EnableCKO), (8 bytes).
    Removing clk.o(.text.CLK_EnableModuleClock), (36 bytes).
    Removing clk.o(.ARM.exidx.text.CLK_EnableModuleClock), (8 bytes).
    Removing clk.o(.text.CLK_SetModuleClock), (176 bytes).
    Removing clk.o(.ARM.exidx.text.CLK_SetModuleClock), (8 bytes).
    Removing clk.o(.text.CLK_PowerDown), (36 bytes).
    Removing clk.o(.ARM.exidx.text.CLK_PowerDown), (8 bytes).
    Removing clk.o(.text.CLK_Idle), (32 bytes).
    Removing clk.o(.ARM.exidx.text.CLK_Idle), (8 bytes).
    Removing clk.o(.text.CLK_GetHXTFreq), (24 bytes).
    Removing clk.o(.ARM.exidx.text.CLK_GetHXTFreq), (8 bytes).
    Removing clk.o(.text.CLK_GetLXTFreq), (20 bytes).
    Removing clk.o(.ARM.exidx.text.CLK_GetLXTFreq), (8 bytes).
    Removing clk.o(.text.CLK_GetHCLKFreq), (16 bytes).
    Removing clk.o(.ARM.exidx.text.CLK_GetHCLKFreq), (8 bytes).
    Removing clk.o(.text.CLK_GetPCLKFreq), (16 bytes).
    Removing clk.o(.ARM.exidx.text.CLK_GetPCLKFreq), (8 bytes).
    Removing clk.o(.text.CLK_GetCPUFreq), (16 bytes).
    Removing clk.o(.ARM.exidx.text.CLK_GetCPUFreq), (8 bytes).
    Removing clk.o(.text.CLK_SetCoreClock), (116 bytes).
    Removing clk.o(.ARM.exidx.text.CLK_SetCoreClock), (8 bytes).
    Removing clk.o(.text.CLK_EnablePLL), (436 bytes).
    Removing clk.o(.ARM.exidx.text.CLK_EnablePLL), (8 bytes).
    Removing clk.o(.text.CLK_SetHCLK), (68 bytes).
    Removing clk.o(.ARM.exidx.text.CLK_SetHCLK), (8 bytes).
    Removing clk.o(.text.CLK_SetSysTickClockSrc), (20 bytes).
    Removing clk.o(.ARM.exidx.text.CLK_SetSysTickClockSrc), (8 bytes).
    Removing clk.o(.text.CLK_EnableXtalRC), (16 bytes).
    Removing clk.o(.ARM.exidx.text.CLK_EnableXtalRC), (8 bytes).
    Removing clk.o(.text.CLK_DisableXtalRC), (16 bytes).
    Removing clk.o(.ARM.exidx.text.CLK_DisableXtalRC), (8 bytes).
    Removing clk.o(.text.CLK_WaitClockReady), (32 bytes).
    Removing clk.o(.ARM.exidx.text.CLK_WaitClockReady), (8 bytes).
    Removing clk.o(.text.CLK_DisablePLL), (20 bytes).
    Removing clk.o(.ARM.exidx.text.CLK_DisablePLL), (8 bytes).
    Removing clk.o(.rodata.cst16), (16 bytes).
    Removing gpio.o(.text), (0 bytes).
    Removing gpio.o(.ARM.exidx.text.GPIO_SetMode), (8 bytes).
    Removing gpio.o(.text.GPIO_EnableInt), (28 bytes).
    Removing gpio.o(.ARM.exidx.text.GPIO_EnableInt), (8 bytes).
    Removing gpio.o(.text.GPIO_DisableInt), (28 bytes).
    Removing gpio.o(.ARM.exidx.text.GPIO_DisableInt), (8 bytes).
    Removing sys.o(.text), (0 bytes).
    Removing sys.o(.text.SYS_ClearResetSrc), (16 bytes).
    Removing sys.o(.ARM.exidx.text.SYS_ClearResetSrc), (8 bytes).
    Removing sys.o(.text.SYS_GetBODStatus), (16 bytes).
    Removing sys.o(.ARM.exidx.text.SYS_GetBODStatus), (8 bytes).
    Removing sys.o(.text.SYS_GetResetSrc), (12 bytes).
    Removing sys.o(.ARM.exidx.text.SYS_GetResetSrc), (8 bytes).
    Removing sys.o(.text.SYS_IsRegLocked), (16 bytes).
    Removing sys.o(.ARM.exidx.text.SYS_IsRegLocked), (8 bytes).
    Removing sys.o(.text.SYS_ReadPDID), (8 bytes).
    Removing sys.o(.ARM.exidx.text.SYS_ReadPDID), (8 bytes).
    Removing sys.o(.text.SYS_ResetChip), (16 bytes).
    Removing sys.o(.ARM.exidx.text.SYS_ResetChip), (8 bytes).
    Removing sys.o(.text.SYS_ResetCPU), (16 bytes).
    Removing sys.o(.ARM.exidx.text.SYS_ResetCPU), (8 bytes).
    Removing sys.o(.text.SYS_ResetModule), (36 bytes).
    Removing sys.o(.ARM.exidx.text.SYS_ResetModule), (8 bytes).
    Removing sys.o(.text.SYS_EnableBOD), (40 bytes).
    Removing sys.o(.ARM.exidx.text.SYS_EnableBOD), (8 bytes).
    Removing sys.o(.text.SYS_DisableBOD), (16 bytes).
    Removing sys.o(.ARM.exidx.text.SYS_DisableBOD), (8 bytes).
    Removing sys_init.o(.text), (0 bytes).
    Removing sys_init.o(.text.SYS_Init), (56 bytes).
    Removing sys_init.o(.ARM.exidx.text.SYS_Init), (8 bytes).
    Removing lcd.o(.text), (0 bytes).
    Removing lcd.o(.text.init_SPI3), (36 bytes).
    Removing lcd.o(.ARM.exidx.text.init_SPI3), (8 bytes).
    Removing lcd.o(.text.lcdWriteCommand), (44 bytes).
    Removing lcd.o(.ARM.exidx.text.lcdWriteCommand), (8 bytes).
    Removing lcd.o(.ARM.exidx.text.lcdWriteData), (8 bytes).
    Removing lcd.o(.ARM.exidx.text.lcdSetAddr), (8 bytes).
    Removing lcd.o(.text.init_LCD), (36 bytes).
    Removing lcd.o(.ARM.exidx.text.init_LCD), (8 bytes).
    Removing lcd.o(.text.clear_LCD), (76 bytes).
    Removing lcd.o(.ARM.exidx.text.clear_LCD), (8 bytes).
    Removing lcd.o(.text.printC), (108 bytes).
    Removing lcd.o(.ARM.exidx.text.printC), (8 bytes).
    Removing lcd.o(.ARM.exidx.text.printC_5x7), (8 bytes).
    Removing lcd.o(.text.print_Line), (36 bytes).
    Removing lcd.o(.ARM.exidx.text.print_Line), (8 bytes).
    Removing lcd.o(.text.printS), (42 bytes).
    Removing lcd.o(.ARM.exidx.text.printS), (8 bytes).
    Removing lcd.o(.ARM.exidx.text.printS_5x7), (8 bytes).
    Removing lcd.o(.ARM.exidx.text.draw_Bmp8x8), (8 bytes).
    Removing lcd.o(.ARM.exidx.text.draw_Pixel), (8 bytes).
    Removing lcd.o(.text.draw_Bmp32x8), (82 bytes).
    Removing lcd.o(.ARM.exidx.text.draw_Bmp32x8), (8 bytes).
    Removing lcd.o(.text.draw_Bmp120x8), (82 bytes).
    Removing lcd.o(.ARM.exidx.text.draw_Bmp120x8), (8 bytes).
    Removing lcd.o(.text.draw_Bmp8x16), (134 bytes).
    Removing lcd.o(.ARM.exidx.text.draw_Bmp8x16), (8 bytes).
    Removing lcd.o(.text.draw_Bmp16x8), (82 bytes).
    Removing lcd.o(.ARM.exidx.text.draw_Bmp16x8), (8 bytes).
    Removing lcd.o(.text.draw_Bmp16x16), (112 bytes).
    Removing lcd.o(.ARM.exidx.text.draw_Bmp16x16), (8 bytes).
    Removing lcd.o(.text.draw_Bmp16x24), (112 bytes).
    Removing lcd.o(.ARM.exidx.text.draw_Bmp16x24), (8 bytes).
    Removing lcd.o(.text.draw_Bmp16x32), (112 bytes).
    Removing lcd.o(.ARM.exidx.text.draw_Bmp16x32), (8 bytes).
    Removing lcd.o(.text.draw_Bmp16x40), (112 bytes).
    Removing lcd.o(.ARM.exidx.text.draw_Bmp16x40), (8 bytes).
    Removing lcd.o(.text.draw_Bmp16x48), (112 bytes).
    Removing lcd.o(.ARM.exidx.text.draw_Bmp16x48), (8 bytes).
    Removing lcd.o(.text.draw_Bmp16x64), (106 bytes).
    Removing lcd.o(.ARM.exidx.text.draw_Bmp16x64), (8 bytes).
    Removing lcd.o(.text.draw_Bmp32x16), (142 bytes).
    Removing lcd.o(.ARM.exidx.text.draw_Bmp32x16), (8 bytes).
    Removing lcd.o(.ARM.exidx.text.draw_Bmp32x32), (8 bytes).
    Removing lcd.o(.text.draw_Bmp32x48), (142 bytes).
    Removing lcd.o(.ARM.exidx.text.draw_Bmp32x48), (8 bytes).
    Removing lcd.o(.text.draw_Bmp32x64), (136 bytes).
    Removing lcd.o(.ARM.exidx.text.draw_Bmp32x64), (8 bytes).
    Removing lcd.o(.ARM.exidx.text.draw_Bmp64x64), (8 bytes).
    Removing lcd.o(.text.draw_LCD), (54 bytes).
    Removing lcd.o(.ARM.exidx.text.draw_LCD), (8 bytes).
    Removing lcd.o(.data.Font8x16), (1520 bytes).
    Removing spi.o(.text), (0 bytes).
    Removing spi.o(.text.SPI_Open), (368 bytes).
    Removing spi.o(.ARM.exidx.text.SPI_Open), (8 bytes).
    Removing spi.o(.text.CLK_GetPLLClockFreq), (88 bytes).
    Removing spi.o(.ARM.exidx.text.CLK_GetPLLClockFreq), (8 bytes).
    Removing spi.o(.text.SPI_Close), (108 bytes).
    Removing spi.o(.ARM.exidx.text.SPI_Close), (8 bytes).
    Removing spi.o(.text.SPI_ClearRxFIFO), (10 bytes).
    Removing spi.o(.ARM.exidx.text.SPI_ClearRxFIFO), (8 bytes).
    Removing spi.o(.text.SPI_ClearTxFIFO), (10 bytes).
    Removing spi.o(.ARM.exidx.text.SPI_ClearTxFIFO), (8 bytes).
    Removing spi.o(.text.SPI_DisableAutoSS), (10 bytes).
    Removing spi.o(.ARM.exidx.text.SPI_DisableAutoSS), (8 bytes).
    Removing spi.o(.text.SPI_EnableAutoSS), (18 bytes).
    Removing spi.o(.ARM.exidx.text.SPI_EnableAutoSS), (8 bytes).
    Removing spi.o(.text.SPI_SetBusClock), (288 bytes).
    Removing spi.o(.ARM.exidx.text.SPI_SetBusClock), (8 bytes).
    Removing spi.o(.text.SPI_EnableFIFO), (32 bytes).
    Removing spi.o(.ARM.exidx.text.SPI_EnableFIFO), (8 bytes).
    Removing spi.o(.text.SPI_DisableFIFO), (12 bytes).
    Removing spi.o(.ARM.exidx.text.SPI_DisableFIFO), (8 bytes).
    Removing spi.o(.text.SPI_GetBusClock), (100 bytes).
    Removing spi.o(.ARM.exidx.text.SPI_GetBusClock), (8 bytes).
    Removing spi.o(.text.SPI_EnableInt), (80 bytes).
    Removing spi.o(.ARM.exidx.text.SPI_EnableInt), (8 bytes).
    Removing spi.o(.text.SPI_DisableInt), (80 bytes).
    Removing spi.o(.ARM.exidx.text.SPI_DisableInt), (8 bytes).
    Removing spi.o(.text.SPI_GetIntFlag), (90 bytes).
    Removing spi.o(.ARM.exidx.text.SPI_GetIntFlag), (8 bytes).
    Removing spi.o(.text.SPI_ClearIntFlag), (48 bytes).
    Removing spi.o(.ARM.exidx.text.SPI_ClearIntFlag), (8 bytes).
    Removing spi.o(.text.SPI_GetStatus), (78 bytes).
    Removing spi.o(.ARM.exidx.text.SPI_GetStatus), (8 bytes).
    Removing draw2d.o(.text), (0 bytes).
    Removing draw2d.o(.ARM.exidx.text.draw_Line), (8 bytes).
    Removing draw2d.o(.text.draw_Circle), (244 bytes).
    Removing draw2d.o(.ARM.exidx.text.draw_Circle), (8 bytes).
    Removing draw2d.o(.text.draw_Rectangle), (150 bytes).
    Removing draw2d.o(.ARM.exidx.text.draw_Rectangle), (8 bytes).
    Removing draw2d.o(.text.fill_Rectangle), (86 bytes).
    Removing draw2d.o(.ARM.exidx.text.fill_Rectangle), (8 bytes).
    Removing draw2d.o(.text.draw_Triangle), (68 bytes).
    Removing draw2d.o(.ARM.exidx.text.draw_Triangle), (8 bytes).

196 unused section(s) (total 8094 bytes) removed from the image.

==============================================================================

Image Symbol Table

    Local Symbols

    Symbol Name                              Value     Ov Type        Size  Object(Section)

    ../clib/../cmprslib/zerorunl2.c          0x00000000   Number         0  __dczerorl2.o ABSOLUTE
    ../clib/angel/boardlib.s                 0x00000000   Number         0  boardinit1.o ABSOLUTE
    ../clib/angel/boardlib.s                 0x00000000   Number         0  boardinit2.o ABSOLUTE
    ../clib/angel/boardlib.s                 0x00000000   Number         0  boardinit3.o ABSOLUTE
    ../clib/angel/boardlib.s                 0x00000000   Number         0  boardshut.o ABSOLUTE
    ../clib/angel/handlers.s                 0x00000000   Number         0  __scatter_zi.o ABSOLUTE
    ../clib/angel/kernel.s                   0x00000000   Number         0  __rtentry.o ABSOLUTE
    ../clib/angel/kernel.s                   0x00000000   Number         0  __rtentry2.o ABSOLUTE
    ../clib/angel/kernel.s                   0x00000000   Number         0  __rtentry4.o ABSOLUTE
    ../clib/angel/kernel.s                   0x00000000   Number         0  rtexit.o ABSOLUTE
    ../clib/angel/kernel.s                   0x00000000   Number         0  rtexit2.o ABSOLUTE
    ../clib/angel/rt.s                       0x00000000   Number         0  aeabi_idiv0.o ABSOLUTE
    ../clib/angel/rt.s                       0x00000000   Number         0  aeabi_idiv0_sigfpe.o ABSOLUTE
    ../clib/angel/rt.s                       0x00000000   Number         0  rt_div0.o ABSOLUTE
    ../clib/angel/rt.s                       0x00000000   Number         0  rt_raise.o ABSOLUTE
    ../clib/angel/scatterp.s                 0x00000000   Number         0  __scatter.o ABSOLUTE
    ../clib/angel/startup.s                  0x00000000   Number         0  __main.o ABSOLUTE
    ../clib/angel/sys.s                      0x00000000   Number         0  sys_stackheap_outer.o ABSOLUTE
    ../clib/angel/sys.s                      0x00000000   Number         0  libspace.o ABSOLUTE
    ../clib/angel/sys.s                      0x00000000   Number         0  tempstk.o ABSOLUTE
    ../clib/angel/sys.s                      0x00000000   Number         0  use_no_semi.o ABSOLUTE
    ../clib/angel/sys.s                      0x00000000   Number         0  indicate_semi.o ABSOLUTE
    ../clib/angel/sysapp.c                   0x00000000   Number         0  sys_command.o ABSOLUTE
    ../clib/angel/sysapp.c                   0x00000000   Number         0  sys_command_hlt.o ABSOLUTE
    ../clib/angel/sysapp.c                   0x00000000   Number         0  sys_exit.o ABSOLUTE
    ../clib/angel/sysapp.c                   0x00000000   Number         0  sys_exit_hlt.o ABSOLUTE
    ../clib/angel/sysapp.c                   0x00000000   Number         0  sys_wrch.o ABSOLUTE
    ../clib/angel/sysapp.c                   0x00000000   Number         0  sys_wrch_hlt.o ABSOLUTE
    ../clib/armsys.c                         0x00000000   Number         0  argv_veneer.o ABSOLUTE
    ../clib/armsys.c                         0x00000000   Number         0  _get_argv_nomalloc.o ABSOLUTE
    ../clib/armsys.c                         0x00000000   Number         0  no_argv.o ABSOLUTE
    ../clib/division.c                       0x00000000   Number         0  rtudiv10.o ABSOLUTE
    ../clib/division.s                       0x00000000   Number         0  aeabi_sdiv.o ABSOLUTE
    ../clib/division.s                       0x00000000   Number         0  aeabi_sdiv_div0.o ABSOLUTE
    ../clib/heapalloc.c                      0x00000000   Number         0  hrguard.o ABSOLUTE
    ../clib/heapaux.c                        0x00000000   Number         0  heapauxi.o ABSOLUTE
    ../clib/libinit.s                        0x00000000   Number         0  libinit2.o ABSOLUTE
    ../clib/libinit.s                        0x00000000   Number         0  libinit.o ABSOLUTE
    ../clib/libinit.s                        0x00000000   Number         0  libshutdown.o ABSOLUTE
    ../clib/libinit.s                        0x00000000   Number         0  libshutdown2.o ABSOLUTE
    ../clib/printf.c                         0x00000000   Number         0  __2sprintf.o ABSOLUTE
    ../clib/printf.c                         0x00000000   Number         0  noretval__2sprintf.o ABSOLUTE
    ../clib/printf.c                         0x00000000   Number         0  __printf.o ABSOLUTE
    ../clib/printf.c                         0x00000000   Number         0  _printf_dec.o ABSOLUTE
    ../clib/printf.c                         0x00000000   Number         0  __printf_flags.o ABSOLUTE
    ../clib/printf.c                         0x00000000   Number         0  __printf_ss.o ABSOLUTE
    ../clib/printf.c                         0x00000000   Number         0  __printf_flags_ss.o ABSOLUTE
    ../clib/printf.c                         0x00000000   Number         0  __printf_wp.o ABSOLUTE
    ../clib/printf.c                         0x00000000   Number         0  __printf_flags_wp.o ABSOLUTE
    ../clib/printf.c                         0x00000000   Number         0  __printf_ss_wp.o ABSOLUTE
    ../clib/printf.c                         0x00000000   Number         0  __printf_flags_ss_wp.o ABSOLUTE
    ../clib/printf.c                         0x00000000   Number         0  _printf_intcommon.o ABSOLUTE
    ../clib/printf.c                         0x00000000   Number         0  _printf_char_common.o ABSOLUTE
    ../clib/printf.c                         0x00000000   Number         0  _sputc.o ABSOLUTE
    ../clib/printf.c                         0x00000000   Number         0  __printf_nopercent.o ABSOLUTE
    ../clib/printf_percent.s                 0x00000000   Number         0  _printf_d.o ABSOLUTE
    ../clib/printf_percent.s                 0x00000000   Number         0  _printf_percent.o ABSOLUTE
    ../clib/printf_percent.s                 0x00000000   Number         0  _printf_percent_end.o ABSOLUTE
    ../clib/signal.c                         0x00000000   Number         0  defsig_fpe_outer.o ABSOLUTE
    ../clib/signal.c                         0x00000000   Number         0  defsig_fpe_formal.o ABSOLUTE
    ../clib/signal.c                         0x00000000   Number         0  defsig_exit.o ABSOLUTE
    ../clib/signal.c                         0x00000000   Number         0  defsig_fpe_inner.o ABSOLUTE
    ../clib/signal.c                         0x00000000   Number         0  defsig_rtmem_outer.o ABSOLUTE
    ../clib/signal.c                         0x00000000   Number         0  defsig_rtmem_formal.o ABSOLUTE
    ../clib/signal.c                         0x00000000   Number         0  __raise.o ABSOLUTE
    ../clib/signal.c                         0x00000000   Number         0  defsig_general.o ABSOLUTE
    ../clib/signal.c                         0x00000000   Number         0  defsig_rtmem_inner.o ABSOLUTE
    ../clib/signal.c                         0x00000000   Number         0  defsig_abrt_inner.o ABSOLUTE
    ../clib/signal.c                         0x00000000   Number         0  defsig_rtred_inner.o ABSOLUTE
    ../clib/signal.c                         0x00000000   Number         0  defsig_stak_inner.o ABSOLUTE
    ../clib/signal.c                         0x00000000   Number         0  defsig_pvfn_inner.o ABSOLUTE
    ../clib/signal.c                         0x00000000   Number         0  defsig_cppl_inner.o ABSOLUTE
    ../clib/signal.c                         0x00000000   Number         0  defsig_segv_inner.o ABSOLUTE
    ../clib/signal.c                         0x00000000   Number         0  defsig_other.o ABSOLUTE
    ../clib/signal.s                         0x00000000   Number         0  defsig.o ABSOLUTE
    ../clib/stdlib.c                         0x00000000   Number         0  rand.o ABSOLUTE
    ../clib/stdlib.c                         0x00000000   Number         0  rand.o ABSOLUTE
    ../clib/stdlib.c                         0x00000000   Number         0  exit.o ABSOLUTE
    ../clib/string.c                         0x00000000   Number         0  strlen.o ABSOLUTE
    ../fplib/cfplib/fpinit.c                 0x00000000   Number         0  fpinit.o ABSOLUTE
    Draw2D.c                                 0x00000000   Number         0  draw2d.o ABSOLUTE
    LCD.c                                    0x00000000   Number         0  lcd.o ABSOLUTE
    Library/NUC100Series/Source/ARM/startup_NUC100Series.s 0x00000000   Number         0  startup_nuc100series.o ABSOLUTE
    SYS_init.c                               0x00000000   Number         0  sys_init.o ABSOLUTE
    clk.c                                    0x00000000   Number         0  clk.o ABSOLUTE
    dc.s                                     0x00000000   Number         0  dc.o ABSOLUTE
    gpio.c                                   0x00000000   Number         0  gpio.o ABSOLUTE
    main.c                                   0x00000000   Number         0  main.o ABSOLUTE
    spi.c                                    0x00000000   Number         0  spi.o ABSOLUTE
    sys.c                                    0x00000000   Number         0  sys.o ABSOLUTE
    system_NUC100Series.c                    0x00000000   Number         0  system_nuc100series.o ABSOLUTE
    RESET                                    0x00000000   Section      192  startup_nuc100series.o(RESET)
    !!!main                                  0x000000c0   Section        8  __main.o(!!!main)
    !!!scatter                               0x000000c8   Section       60  __scatter.o(!!!scatter)
    !!handler_zi                             0x00000104   Section       28  __scatter_zi.o(!!handler_zi)
    .ARM.Collect$$_printf_percent$$00000000  0x00000120   Section        2  _printf_percent.o(.ARM.Collect$$_printf_percent$$00000000)
    .ARM.Collect$$_printf_percent$$00000009  0x00000122   Section       10  _printf_d.o(.ARM.Collect$$_printf_percent$$00000009)
    .ARM.Collect$$_printf_percent$$00000017  0x0000012c   Section        4  _printf_percent_end.o(.ARM.Collect$$_printf_percent$$00000017)
    .ARM.Collect$$libinit$$00000000          0x00000130   Section        2  libinit.o(.ARM.Collect$$libinit$$00000000)
    .ARM.Collect$$libinit$$00000002          0x00000132   Section        0  libinit2.o(.ARM.Collect$$libinit$$00000002)
    .ARM.Collect$$libinit$$00000004          0x00000132   Section        0  libinit2.o(.ARM.Collect$$libinit$$00000004)
    .ARM.Collect$$libinit$$0000000A          0x00000132   Section        0  libinit2.o(.ARM.Collect$$libinit$$0000000A)
    .ARM.Collect$$libinit$$0000000C          0x00000132   Section        0  libinit2.o(.ARM.Collect$$libinit$$0000000C)
    .ARM.Collect$$libinit$$0000000D          0x00000132   Section        4  libinit2.o(.ARM.Collect$$libinit$$0000000D)
    .ARM.Collect$$libinit$$0000000E          0x00000136   Section        0  libinit2.o(.ARM.Collect$$libinit$$0000000E)
    .ARM.Collect$$libinit$$00000011          0x00000136   Section        0  libinit2.o(.ARM.Collect$$libinit$$00000011)
    .ARM.Collect$$libinit$$00000013          0x00000136   Section        0  libinit2.o(.ARM.Collect$$libinit$$00000013)
    .ARM.Collect$$libinit$$00000015          0x00000136   Section        0  libinit2.o(.ARM.Collect$$libinit$$00000015)
    .ARM.Collect$$libinit$$00000017          0x00000136   Section        0  libinit2.o(.ARM.Collect$$libinit$$00000017)
    .ARM.Collect$$libinit$$00000019          0x00000136   Section        0  libinit2.o(.ARM.Collect$$libinit$$00000019)
    .ARM.Collect$$libinit$$0000001B          0x00000136   Section        0  libinit2.o(.ARM.Collect$$libinit$$0000001B)
    .ARM.Collect$$libinit$$0000001D          0x00000136   Section        0  libinit2.o(.ARM.Collect$$libinit$$0000001D)
    .ARM.Collect$$libinit$$0000001F          0x00000136   Section        0  libinit2.o(.ARM.Collect$$libinit$$0000001F)
    .ARM.Collect$$libinit$$00000021          0x00000136   Section        0  libinit2.o(.ARM.Collect$$libinit$$00000021)
    .ARM.Collect$$libinit$$00000023          0x00000136   Section        0  libinit2.o(.ARM.Collect$$libinit$$00000023)
    .ARM.Collect$$libinit$$00000025          0x00000136   Section        0  libinit2.o(.ARM.Collect$$libinit$$00000025)
    .ARM.Collect$$libinit$$0000002C          0x00000136   Section        0  libinit2.o(.ARM.Collect$$libinit$$0000002C)
    .ARM.Collect$$libinit$$0000002E          0x00000136   Section        0  libinit2.o(.ARM.Collect$$libinit$$0000002E)
    .ARM.Collect$$libinit$$00000030          0x00000136   Section        0  libinit2.o(.ARM.Collect$$libinit$$00000030)
    .ARM.Collect$$libinit$$00000032          0x00000136   Section        0  libinit2.o(.ARM.Collect$$libinit$$00000032)
    .ARM.Collect$$libinit$$00000033          0x00000136   Section        2  libinit2.o(.ARM.Collect$$libinit$$00000033)
    .ARM.Collect$$libshutdown$$00000000      0x00000138   Section        2  libshutdown.o(.ARM.Collect$$libshutdown$$00000000)
    .ARM.Collect$$libshutdown$$00000002      0x0000013a   Section        0  libshutdown2.o(.ARM.Collect$$libshutdown$$00000002)
    .ARM.Collect$$libshutdown$$00000004      0x0000013a   Section        0  libshutdown2.o(.ARM.Collect$$libshutdown$$00000004)
    .ARM.Collect$$libshutdown$$00000007      0x0000013a   Section        0  libshutdown2.o(.ARM.Collect$$libshutdown$$00000007)
    .ARM.Collect$$libshutdown$$0000000A      0x0000013a   Section        0  libshutdown2.o(.ARM.Collect$$libshutdown$$0000000A)
    .ARM.Collect$$libshutdown$$0000000C      0x0000013a   Section        0  libshutdown2.o(.ARM.Collect$$libshutdown$$0000000C)
    .ARM.Collect$$libshutdown$$0000000F      0x0000013a   Section        0  libshutdown2.o(.ARM.Collect$$libshutdown$$0000000F)
    .ARM.Collect$$libshutdown$$00000010      0x0000013a   Section        2  libshutdown2.o(.ARM.Collect$$libshutdown$$00000010)
    .ARM.Collect$$rtentry$$00000000          0x0000013c   Section        0  __rtentry.o(.ARM.Collect$$rtentry$$00000000)
    .ARM.Collect$$rtentry$$00000002          0x0000013c   Section        0  __rtentry2.o(.ARM.Collect$$rtentry$$00000002)
    .ARM.Collect$$rtentry$$00000004          0x0000013c   Section        6  __rtentry4.o(.ARM.Collect$$rtentry$$00000004)
    .ARM.Collect$$rtentry$$00000009          0x00000142   Section        0  __rtentry2.o(.ARM.Collect$$rtentry$$00000009)
    .ARM.Collect$$rtentry$$0000000A          0x00000142   Section        4  __rtentry2.o(.ARM.Collect$$rtentry$$0000000A)
    .ARM.Collect$$rtentry$$0000000C          0x00000146   Section        0  __rtentry2.o(.ARM.Collect$$rtentry$$0000000C)
    .ARM.Collect$$rtentry$$0000000D          0x00000146   Section        8  __rtentry2.o(.ARM.Collect$$rtentry$$0000000D)
    .ARM.Collect$$rtexit$$00000000           0x0000014e   Section        2  rtexit.o(.ARM.Collect$$rtexit$$00000000)
    .ARM.Collect$$rtexit$$00000002           0x00000150   Section        0  rtexit2.o(.ARM.Collect$$rtexit$$00000002)
    .ARM.Collect$$rtexit$$00000003           0x00000150   Section        4  rtexit2.o(.ARM.Collect$$rtexit$$00000003)
    .ARM.Collect$$rtexit$$00000004           0x00000154   Section        6  rtexit2.o(.ARM.Collect$$rtexit$$00000004)
    .emb_text                                0x0000015c   Section       56  rand.o(.emb_text)
    .text                                    0x00000194   Section      100  startup_nuc100series.o(.text)
    Default_Handler                          0x000001bf   Thumb Code     2  startup_nuc100series.o(.text)
    .text                                    0x000001f8   Section        0  noretval__2sprintf.o(.text)
    .text                                    0x00000220   Section        0  __printf.o(.text)
    .text                                    0x0000028c   Section        0  _printf_dec.o(.text)
    .text                                    0x000002f8   Section        0  rand.o(.text)
    .text                                    0x00000334   Section        0  strlen.o(.text)
    .text                                    0x00000378   Section      364  aeabi_sdiv.o(.text)
    .text                                    0x000004e4   Section        0  heapauxi.o(.text)
    .text                                    0x000004ea   Section        0  _printf_intcommon.o(.text)
    _printf_input_char                       0x0000059d   Thumb Code    10  _printf_char_common.o(.text)
    .text                                    0x0000059c   Section        0  _printf_char_common.o(.text)
    .text                                    0x000005cc   Section        0  _sputc.o(.text)
    .text                                    0x000005d6   Section        0  rtudiv10.o(.text)
    .text                                    0x000005fe   Section       62  sys_stackheap_outer.o(.text)
    .text                                    0x0000063c   Section        0  exit.o(.text)
    .text                                    0x0000064c   Section        8  libspace.o(.text)
    .text                                    0x00000654   Section        0  sys_exit.o(.text)
    .text                                    0x00000660   Section        2  use_no_semi.o(.text)
    .text                                    0x00000662   Section        0  indicate_semi.o(.text)
    .text                                    0x00000662   Section        0  __dczerorl2.o(.text)
    CLK_SysTickDelay                         0x000006b9   Thumb Code    36  main.o(.text.CLK_SysTickDelay)
    [Anonymous Symbol]                       0x000006b8   Section        0  main.o(.text.CLK_SysTickDelay)
    __arm_cp.6_0                             0x000006d4   Number         4  main.o(.text.CLK_SysTickDelay)
    __arm_cp.6_1                             0x000006d8   Number         4  main.o(.text.CLK_SysTickDelay)
    [Anonymous Symbol]                       0x000006dc   Section        0  gpio.o(.text.GPIO_SetMode)
    [Anonymous Symbol]                       0x00000708   Section        0  main.o(.text.KeyPadEnable)
    __arm_cp.2_0                             0x00000744   Number         4  main.o(.text.KeyPadEnable)
    __arm_cp.2_1                             0x00000748   Number         4  main.o(.text.KeyPadEnable)
    [Anonymous Symbol]                       0x0000074c   Section        0  main.o(.text.KeyPadScanning)
    __arm_cp.10_0                            0x000007d4   Number         4  main.o(.text.KeyPadScanning)
    [Anonymous Symbol]                       0x000007d8   Section        0  main.o(.text.LCD_SetAddress)
    [Anonymous Symbol]                       0x000007f4   Section        0  main.o(.text.LCD_clear)
    [Anonymous Symbol]                       0x00000814   Section        0  main.o(.text.LCD_command)
    [Anonymous Symbol]                       0x00000834   Section        0  main.o(.text.LCD_data)
    [Anonymous Symbol]                       0x00000858   Section        0  main.o(.text.LCD_start)
    __arm_cp.4_0                             0x0000087c   Number         4  main.o(.text.LCD_start)
    [Anonymous Symbol]                       0x00000880   Section        0  main.o(.text.SPI3_Config)
    __arm_cp.3_0                             0x000008f8   Number         4  main.o(.text.SPI3_Config)
    __arm_cp.3_1                             0x000008fc   Number         4  main.o(.text.SPI3_Config)
    [Anonymous Symbol]                       0x00000900   Section        0  system_nuc100series.o(.text.SystemInit)
    [Anonymous Symbol]                       0x00000904   Section        0  main.o(.text.System_Config)
    __arm_cp.1_0                             0x000009f8   Number         4  main.o(.text.System_Config)
    __arm_cp.1_1                             0x000009fc   Number         4  main.o(.text.System_Config)
    __arm_cp.1_2                             0x00000a00   Number         4  main.o(.text.System_Config)
    __arm_cp.1_3                             0x00000a04   Number         4  main.o(.text.System_Config)
    __arm_cp.1_4                             0x00000a08   Number         4  main.o(.text.System_Config)
    [Anonymous Symbol]                       0x00000a0c   Section        0  lcd.o(.text.draw_Bmp32x32)
    [Anonymous Symbol]                       0x00000a9a   Section        0  lcd.o(.text.draw_Bmp64x64)
    [Anonymous Symbol]                       0x00000b22   Section        0  lcd.o(.text.draw_Bmp8x8)
    [Anonymous Symbol]                       0x00000b74   Section        0  draw2d.o(.text.draw_Line)
    [Anonymous Symbol]                       0x00000c48   Section        0  lcd.o(.text.draw_Pixel)
    __arm_cp.12_0                            0x00000c98   Number         4  lcd.o(.text.draw_Pixel)
    [Anonymous Symbol]                       0x00000c9c   Section        0  main.o(.text.erase_Difficulty)
    __arm_cp.15_0                            0x00000cc8   Number         4  main.o(.text.erase_Difficulty)
    __arm_cp.15_1                            0x00000ccc   Number         4  main.o(.text.erase_Difficulty)
    [Anonymous Symbol]                       0x00000cd0   Section        0  main.o(.text.erase_TitleScreen)
    __arm_cp.11_0                            0x00000d0c   Number         4  main.o(.text.erase_TitleScreen)
    __arm_cp.11_1                            0x00000d10   Number         4  main.o(.text.erase_TitleScreen)
    __arm_cp.11_2                            0x00000d14   Number         4  main.o(.text.erase_TitleScreen)
    [Anonymous Symbol]                       0x00000d18   Section        0  main.o(.text.erase_backgroundline)
    __arm_cp.17_0                            0x00000d6c   Number         4  main.o(.text.erase_backgroundline)
    [Anonymous Symbol]                       0x00000d70   Section        0  lcd.o(.text.lcdSetAddr)
    [Anonymous Symbol]                       0x00000ddc   Section        0  lcd.o(.text.lcdWriteData)
    __arm_cp.2_0                             0x00000e08   Number         4  lcd.o(.text.lcdWriteData)
    [Anonymous Symbol]                       0x00000e0c   Section        0  main.o(.text.main)
    __arm_cp.0_30                            0x0000128c   Number         4  main.o(.text.main)
    __arm_cp.0_31                            0x00001290   Number         4  main.o(.text.main)
    __arm_cp.0_33                            0x00001298   Number         4  main.o(.text.main)
    __arm_cp.0_34                            0x0000129c   Number         4  main.o(.text.main)
    __arm_cp.0_36                            0x000012a4   Number         4  main.o(.text.main)
    __arm_cp.0_37                            0x000012a8   Number         4  main.o(.text.main)
    __arm_cp.0_38                            0x000012ac   Number         4  main.o(.text.main)
    __arm_cp.0_39                            0x000012b0   Number         4  main.o(.text.main)
    __arm_cp.0_41                            0x000012cc   Number         4  main.o(.text.main)
    __arm_cp.0_46                            0x0000130c   Number         4  main.o(.text.main)
    __arm_cp.0_1                             0x000014f8   Number         4  main.o(.text.main)
    __arm_cp.0_2                             0x000014fc   Number         4  main.o(.text.main)
    __arm_cp.0_4                             0x0000150c   Number         4  main.o(.text.main)
    __arm_cp.0_7                             0x0000153c   Number         4  main.o(.text.main)
    __arm_cp.0_8                             0x00001540   Number         4  main.o(.text.main)
    __arm_cp.0_9                             0x00001544   Number         4  main.o(.text.main)
    __arm_cp.0_11                            0x00001548   Number         4  main.o(.text.main)
    [Anonymous Symbol]                       0x00001554   Section        0  lcd.o(.text.printC_5x7)
    __arm_cp.7_0                             0x000015ac   Number         4  lcd.o(.text.printC_5x7)
    [Anonymous Symbol]                       0x000015b0   Section        0  lcd.o(.text.printS_5x7)
    [Anonymous Symbol]                       0x000015d8   Section        0  main.o(.text.print_Difficuly_EASY)
    __arm_cp.12_0                            0x00001618   Number         4  main.o(.text.print_Difficuly_EASY)
    __arm_cp.12_1                            0x0000161c   Number         4  main.o(.text.print_Difficuly_EASY)
    __arm_cp.12_2                            0x00001620   Number         4  main.o(.text.print_Difficuly_EASY)
    [Anonymous Symbol]                       0x0000162c   Section        0  main.o(.text.print_Difficuly_HARD)
    __arm_cp.14_0                            0x0000166c   Number         4  main.o(.text.print_Difficuly_HARD)
    __arm_cp.14_1                            0x00001670   Number         4  main.o(.text.print_Difficuly_HARD)
    __arm_cp.14_2                            0x00001674   Number         4  main.o(.text.print_Difficuly_HARD)
    [Anonymous Symbol]                       0x00001680   Section        0  main.o(.text.print_Difficuly_NORMAL)
    __arm_cp.13_0                            0x000016c4   Number         4  main.o(.text.print_Difficuly_NORMAL)
    __arm_cp.13_1                            0x000016c8   Number         4  main.o(.text.print_Difficuly_NORMAL)
    __arm_cp.13_2                            0x000016cc   Number         4  main.o(.text.print_Difficuly_NORMAL)
    [Anonymous Symbol]                       0x000016d8   Section        0  main.o(.text.print_TitleScreen_HowToPlay)
    __arm_cp.8_0                             0x00001718   Number         4  main.o(.text.print_TitleScreen_HowToPlay)
    __arm_cp.8_1                             0x0000171c   Number         4  main.o(.text.print_TitleScreen_HowToPlay)
    __arm_cp.8_2                             0x00001720   Number         4  main.o(.text.print_TitleScreen_HowToPlay)
    [Anonymous Symbol]                       0x00001730   Section        0  main.o(.text.print_TitleScreen_SCORES)
    __arm_cp.9_0                             0x00001770   Number         4  main.o(.text.print_TitleScreen_SCORES)
    __arm_cp.9_1                             0x00001774   Number         4  main.o(.text.print_TitleScreen_SCORES)
    __arm_cp.9_2                             0x00001778   Number         4  main.o(.text.print_TitleScreen_SCORES)
    [Anonymous Symbol]                       0x00001784   Section        0  main.o(.text.print_TitleScreen_START)
    __arm_cp.7_0                             0x000017c4   Number         4  main.o(.text.print_TitleScreen_START)
    __arm_cp.7_1                             0x000017c8   Number         4  main.o(.text.print_TitleScreen_START)
    __arm_cp.7_2                             0x000017cc   Number         4  main.o(.text.print_TitleScreen_START)
    [Anonymous Symbol]                       0x000017d8   Section        0  main.o(.text.print_backgroundline)
    __arm_cp.16_0                            0x00001834   Number         4  main.o(.text.print_backgroundline)
    Font5x7                                  0x00001838   Data         480  lcd.o(.rodata.Font5x7)
    [Anonymous Symbol]                       0x00001838   Section        0  lcd.o(.rodata.Font5x7)
    .L.str.19                                0x00001a18   Data          16  main.o(.rodata.str1.1)
    [Anonymous Symbol]                       0x00001a18   Section        0  main.o(.rodata.str1.1)
    .L.str.23                                0x00001a20   Data           8  main.o(.rodata.str1.1)
    .L.str.7                                 0x00001a28   Data          25  main.o(.rodata.str1.1)
    .L.str.10                                0x00001a41   Data           3  main.o(.rodata.str1.1)
    .L.str.4                                 0x00001a44   Data          17  main.o(.rodata.str1.1)
    .L.str.5                                 0x00001a55   Data          22  main.o(.rodata.str1.1)
    .L.str.1                                 0x00001a6b   Data           8  main.o(.rodata.str1.1)
    .L.str.3                                 0x00001a73   Data          10  main.o(.rodata.str1.1)
    .L.str                                   0x00001a7d   Data          21  main.o(.rodata.str1.1)
    [Anonymous Symbol]                       0x20000000   Section        0  system_nuc100series.o(.data..L_MergedGlobals)
    .bss                                     0x20001570   Section      228  rand.o(.bss)
    .bss                                     0x20001654   Section       96  libspace.o(.bss)
    Heap_Mem                                 0x20001ab8   Data           0  startup_nuc100series.o(HEAP)
    Stack_Mem                                0x20001ab8   Data        1024  startup_nuc100series.o(STACK)
    HEAP                                     0x20001ab8   Section        0  startup_nuc100series.o(HEAP)
    STACK                                    0x20001ab8   Section     1024  startup_nuc100series.o(STACK)
    __initial_sp                             0x20001eb8   Data           0  startup_nuc100series.o(STACK)

    Global Symbols

    Symbol Name                              Value     Ov Type        Size  Object(Section)

    BuildAttributes$$THM_ISAv3M$S$PE$A:L22$X:L11$S22$IEEE1$IW$~IW$USESV6$~STKCKD$USESV7$~SHL$OSPACE$ROPI$EBA8$UX$STANDARDLIB$REQ8$PRES8$EABIv2 0x00000000   Number         0  anon$$obj.o ABSOLUTE
    __Vectors                                0x00000000   Data           4  startup_nuc100series.o(RESET)
    __ARM_exceptions_init                     - Undefined Weak Reference
    __alloca_initialize                       - Undefined Weak Reference
    __arm_preinit_                            - Undefined Weak Reference
    __cpp_initialize__aeabi_                  - Undefined Weak Reference
    __cxa_finalize                            - Undefined Weak Reference
    __rt_locale                               - Undefined Weak Reference
    __sigvec_lookup                           - Undefined Weak Reference
    _atexit_init                              - Undefined Weak Reference
    _call_atexit_fns                          - Undefined Weak Reference
    _clock_init                               - Undefined Weak Reference
    _fp_trap_init                             - Undefined Weak Reference
    _fp_trap_shutdown                         - Undefined Weak Reference
    _get_lc_collate                           - Undefined Weak Reference
    _get_lc_ctype                             - Undefined Weak Reference
    _get_lc_monetary                          - Undefined Weak Reference
    _get_lc_numeric                           - Undefined Weak Reference
    _get_lc_time                              - Undefined Weak Reference
    _getenv_init                              - Undefined Weak Reference
    _handle_redirection                       - Undefined Weak Reference
    _init_alloc                               - Undefined Weak Reference
    _init_user_alloc                          - Undefined Weak Reference
    _initio                                   - Undefined Weak Reference
    _printf_post_padding                      - Undefined Weak Reference
    _printf_pre_padding                       - Undefined Weak Reference
    _printf_truncate_signed                   - Undefined Weak Reference
    _printf_truncate_unsigned                 - Undefined Weak Reference
    _signal_finish                            - Undefined Weak Reference
    _signal_init                              - Undefined Weak Reference
    _terminate_alloc                          - Undefined Weak Reference
    _terminate_user_alloc                     - Undefined Weak Reference
    _terminateio                              - Undefined Weak Reference
    __main                                   0x000000c1   Thumb Code     8  __main.o(!!!main)
    __scatterload                            0x000000c9   Thumb Code     0  __scatter.o(!!!scatter)
    __scatterload_rt2                        0x000000c9   Thumb Code    52  __scatter.o(!!!scatter)
    __scatterload_rt2_thumb_only             0x000000c9   Thumb Code     0  __scatter.o(!!!scatter)
    __scatterload_null                       0x000000d9   Thumb Code     0  __scatter.o(!!!scatter)
    __scatterload_zeroinit                   0x00000105   Thumb Code    28  __scatter_zi.o(!!handler_zi)
    _printf_percent                          0x00000121   Thumb Code     0  _printf_percent.o(.ARM.Collect$$_printf_percent$$00000000)
    _printf_d                                0x00000123   Thumb Code     0  _printf_d.o(.ARM.Collect$$_printf_percent$$00000009)
    _printf_percent_end                      0x0000012d   Thumb Code     0  _printf_percent_end.o(.ARM.Collect$$_printf_percent$$00000017)
    __rt_lib_init                            0x00000131   Thumb Code     0  libinit.o(.ARM.Collect$$libinit$$00000000)
    __rt_lib_init_fp_1                       0x00000133   Thumb Code     0  libinit2.o(.ARM.Collect$$libinit$$00000002)
    __rt_lib_init_heap_1                     0x00000133   Thumb Code     0  libinit2.o(.ARM.Collect$$libinit$$0000000A)
    __rt_lib_init_preinit_1                  0x00000133   Thumb Code     0  libinit2.o(.ARM.Collect$$libinit$$00000004)
    __rt_lib_init_rand_2                     0x00000133   Thumb Code     0  libinit2.o(.ARM.Collect$$libinit$$0000000D)
    __rt_lib_init_user_alloc_1               0x00000133   Thumb Code     0  libinit2.o(.ARM.Collect$$libinit$$0000000C)
    __rt_lib_init_alloca_1                   0x00000137   Thumb Code     0  libinit2.o(.ARM.Collect$$libinit$$0000002E)
    __rt_lib_init_argv_1                     0x00000137   Thumb Code     0  libinit2.o(.ARM.Collect$$libinit$$0000002C)
    __rt_lib_init_atexit_1                   0x00000137   Thumb Code     0  libinit2.o(.ARM.Collect$$libinit$$0000001B)
    __rt_lib_init_clock_1                    0x00000137   Thumb Code     0  libinit2.o(.ARM.Collect$$libinit$$00000021)
    __rt_lib_init_cpp_1                      0x00000137   Thumb Code     0  libinit2.o(.ARM.Collect$$libinit$$00000032)
    __rt_lib_init_exceptions_1               0x00000137   Thumb Code     0  libinit2.o(.ARM.Collect$$libinit$$00000030)
    __rt_lib_init_fp_trap_1                  0x00000137   Thumb Code     0  libinit2.o(.ARM.Collect$$libinit$$0000001F)
    __rt_lib_init_getenv_1                   0x00000137   Thumb Code     0  libinit2.o(.ARM.Collect$$libinit$$00000023)
    __rt_lib_init_lc_collate_1               0x00000137   Thumb Code     0  libinit2.o(.ARM.Collect$$libinit$$00000011)
    __rt_lib_init_lc_ctype_1                 0x00000137   Thumb Code     0  libinit2.o(.ARM.Collect$$libinit$$00000013)
    __rt_lib_init_lc_monetary_1              0x00000137   Thumb Code     0  libinit2.o(.ARM.Collect$$libinit$$00000015)
    __rt_lib_init_lc_numeric_1               0x00000137   Thumb Code     0  libinit2.o(.ARM.Collect$$libinit$$00000017)
    __rt_lib_init_lc_time_1                  0x00000137   Thumb Code     0  libinit2.o(.ARM.Collect$$libinit$$00000019)
    __rt_lib_init_rand_1                     0x00000137   Thumb Code     0  libinit2.o(.ARM.Collect$$libinit$$0000000E)
    __rt_lib_init_return                     0x00000137   Thumb Code     0  libinit2.o(.ARM.Collect$$libinit$$00000033)
    __rt_lib_init_signal_1                   0x00000137   Thumb Code     0  libinit2.o(.ARM.Collect$$libinit$$0000001D)
    __rt_lib_init_stdio_1                    0x00000137   Thumb Code     0  libinit2.o(.ARM.Collect$$libinit$$00000025)
    __rt_lib_shutdown                        0x00000139   Thumb Code     0  libshutdown.o(.ARM.Collect$$libshutdown$$00000000)
    __rt_lib_shutdown_cpp_1                  0x0000013b   Thumb Code     0  libshutdown2.o(.ARM.Collect$$libshutdown$$00000002)
    __rt_lib_shutdown_fp_trap_1              0x0000013b   Thumb Code     0  libshutdown2.o(.ARM.Collect$$libshutdown$$00000007)
    __rt_lib_shutdown_heap_1                 0x0000013b   Thumb Code     0  libshutdown2.o(.ARM.Collect$$libshutdown$$0000000F)
    __rt_lib_shutdown_return                 0x0000013b   Thumb Code     0  libshutdown2.o(.ARM.Collect$$libshutdown$$00000010)
    __rt_lib_shutdown_signal_1               0x0000013b   Thumb Code     0  libshutdown2.o(.ARM.Collect$$libshutdown$$0000000A)
    __rt_lib_shutdown_stdio_1                0x0000013b   Thumb Code     0  libshutdown2.o(.ARM.Collect$$libshutdown$$00000004)
    __rt_lib_shutdown_user_alloc_1           0x0000013b   Thumb Code     0  libshutdown2.o(.ARM.Collect$$libshutdown$$0000000C)
    __rt_entry                               0x0000013d   Thumb Code     0  __rtentry.o(.ARM.Collect$$rtentry$$00000000)
    __rt_entry_presh_1                       0x0000013d   Thumb Code     0  __rtentry2.o(.ARM.Collect$$rtentry$$00000002)
    __rt_entry_sh                            0x0000013d   Thumb Code     0  __rtentry4.o(.ARM.Collect$$rtentry$$00000004)
    __rt_entry_li                            0x00000143   Thumb Code     0  __rtentry2.o(.ARM.Collect$$rtentry$$0000000A)
    __rt_entry_postsh_1                      0x00000143   Thumb Code     0  __rtentry2.o(.ARM.Collect$$rtentry$$00000009)
    __rt_entry_main                          0x00000147   Thumb Code     0  __rtentry2.o(.ARM.Collect$$rtentry$$0000000D)
    __rt_entry_postli_1                      0x00000147   Thumb Code     0  __rtentry2.o(.ARM.Collect$$rtentry$$0000000C)
    __rt_exit                                0x0000014f   Thumb Code     0  rtexit.o(.ARM.Collect$$rtexit$$00000000)
    __rt_exit_ls                             0x00000151   Thumb Code     0  rtexit2.o(.ARM.Collect$$rtexit$$00000003)
    __rt_exit_prels_1                        0x00000151   Thumb Code     0  rtexit2.o(.ARM.Collect$$rtexit$$00000002)
    __rt_exit_exit                           0x00000155   Thumb Code     0  rtexit2.o(.ARM.Collect$$rtexit$$00000004)
    rand                                     0x0000015d   Thumb Code    52  rand.o(.emb_text)
    Reset_Handler                            0x00000195   Thumb Code    32  startup_nuc100series.o(.text)
    NMI_Handler                              0x000001b5   Thumb Code     2  startup_nuc100series.o(.text)
    HardFault_Handler                        0x000001b7   Thumb Code     2  startup_nuc100series.o(.text)
    SVC_Handler                              0x000001b9   Thumb Code     2  startup_nuc100series.o(.text)
    PendSV_Handler                           0x000001bb   Thumb Code     2  startup_nuc100series.o(.text)
    SysTick_Handler                          0x000001bd   Thumb Code     2  startup_nuc100series.o(.text)
    ACMP_IRQHandler                          0x000001bf   Thumb Code     0  startup_nuc100series.o(.text)
    ADC_IRQHandler                           0x000001bf   Thumb Code     0  startup_nuc100series.o(.text)
    BOD_IRQHandler                           0x000001bf   Thumb Code     0  startup_nuc100series.o(.text)
    CAN0_IRQHandler                          0x000001bf   Thumb Code     0  startup_nuc100series.o(.text)
    CAN1_IRQHandler                          0x000001bf   Thumb Code     0  startup_nuc100series.o(.text)
    EINT0_IRQHandler                         0x000001bf   Thumb Code     0  startup_nuc100series.o(.text)
    EINT1_IRQHandler                         0x000001bf   Thumb Code     0  startup_nuc100series.o(.text)
    GPAB_IRQHandler                          0x000001bf   Thumb Code     0  startup_nuc100series.o(.text)
    GPCDEF_IRQHandler                        0x000001bf   Thumb Code     0  startup_nuc100series.o(.text)
    I2C0_IRQHandler                          0x000001bf   Thumb Code     0  startup_nuc100series.o(.text)
    I2C1_IRQHandler                          0x000001bf   Thumb Code     0  startup_nuc100series.o(.text)
    I2S_IRQHandler                           0x000001bf   Thumb Code     0  startup_nuc100series.o(.text)
    PDMA_IRQHandler                          0x000001bf   Thumb Code     0  startup_nuc100series.o(.text)
    PS2_IRQHandler                           0x000001bf   Thumb Code     0  startup_nuc100series.o(.text)
    PWM0_IRQHandler                          0x000001bf   Thumb Code     0  startup_nuc100series.o(.text)
    PWM1_IRQHandler                          0x000001bf   Thumb Code     0  startup_nuc100series.o(.text)
    PWRWU_IRQHandler                         0x000001bf   Thumb Code     0  startup_nuc100series.o(.text)
    RTC_IRQHandler                           0x000001bf   Thumb Code     0  startup_nuc100series.o(.text)
    SC012_IRQHandler                         0x000001bf   Thumb Code     0  startup_nuc100series.o(.text)
    SPI0_IRQHandler                          0x000001bf   Thumb Code     0  startup_nuc100series.o(.text)
    SPI1_IRQHandler                          0x000001bf   Thumb Code     0  startup_nuc100series.o(.text)
    SPI2_IRQHandler                          0x000001bf   Thumb Code     0  startup_nuc100series.o(.text)
    SPI3_IRQHandler                          0x000001bf   Thumb Code     0  startup_nuc100series.o(.text)
    TMR0_IRQHandler                          0x000001bf   Thumb Code     0  startup_nuc100series.o(.text)
    TMR1_IRQHandler                          0x000001bf   Thumb Code     0  startup_nuc100series.o(.text)
    TMR2_IRQHandler                          0x000001bf   Thumb Code     0  startup_nuc100series.o(.text)
    TMR3_IRQHandler                          0x000001bf   Thumb Code     0  startup_nuc100series.o(.text)
    UART02_IRQHandler                        0x000001bf   Thumb Code     0  startup_nuc100series.o(.text)
    UART1_IRQHandler                         0x000001bf   Thumb Code     0  startup_nuc100series.o(.text)
    USBD_IRQHandler                          0x000001bf   Thumb Code     0  startup_nuc100series.o(.text)
    WDT_IRQHandler                           0x000001bf   Thumb Code     0  startup_nuc100series.o(.text)
    __user_initial_stackheap                 0x000001c1   Thumb Code     0  startup_nuc100series.o(.text)
    __2sprintf                               0x000001f9   Thumb Code    36  noretval__2sprintf.o(.text)
    __printf                                 0x00000221   Thumb Code   108  __printf.o(.text)
    _printf_int_dec                          0x0000028d   Thumb Code    90  _printf_dec.o(.text)
    srand                                    0x000002f9   Thumb Code    44  rand.o(.text)
    _rand_init                               0x00000325   Thumb Code     4  rand.o(.text)
    strlen                                   0x00000335   Thumb Code    62  strlen.o(.text)
    __aeabi_uidiv                            0x00000379   Thumb Code     0  aeabi_sdiv.o(.text)
    __aeabi_uidivmod                         0x00000379   Thumb Code    20  aeabi_sdiv.o(.text)
    __aeabi_idiv                             0x0000038d   Thumb Code     0  aeabi_sdiv.o(.text)
    __aeabi_idivmod                          0x0000038d   Thumb Code   338  aeabi_sdiv.o(.text)
    __use_two_region_memory                  0x000004e5   Thumb Code     2  heapauxi.o(.text)
    __rt_heap_escrow$2region                 0x000004e7   Thumb Code     2  heapauxi.o(.text)
    __rt_heap_expand$2region                 0x000004e9   Thumb Code     2  heapauxi.o(.text)
    _printf_int_common                       0x000004eb   Thumb Code   176  _printf_intcommon.o(.text)
    _printf_char_common                      0x000005a7   Thumb Code    32  _printf_char_common.o(.text)
    _sputc                                   0x000005cd   Thumb Code    10  _sputc.o(.text)
    __rt_udiv10                              0x000005d7   Thumb Code    40  rtudiv10.o(.text)
    __user_setup_stackheap                   0x000005ff   Thumb Code    62  sys_stackheap_outer.o(.text)
    exit                                     0x0000063d   Thumb Code    16  exit.o(.text)
    __user_libspace                          0x0000064d   Thumb Code     8  libspace.o(.text)
    __user_perproc_libspace                  0x0000064d   Thumb Code     0  libspace.o(.text)
    __user_perthread_libspace                0x0000064d   Thumb Code     0  libspace.o(.text)
    _sys_exit                                0x00000655   Thumb Code     8  sys_exit.o(.text)
    __I$use$semihosting                      0x00000661   Thumb Code     0  use_no_semi.o(.text)
    __use_no_semihosting_swi                 0x00000661   Thumb Code     2  use_no_semi.o(.text)
    __decompress                             0x00000663   Thumb Code     0  __dczerorl2.o(.text)
    __decompress1                            0x00000663   Thumb Code    86  __dczerorl2.o(.text)
    __semihosting_library_function           0x00000663   Thumb Code     0  indicate_semi.o(.text)
    GPIO_SetMode                             0x000006dd   Thumb Code    42  gpio.o(.text.GPIO_SetMode)
    KeyPadEnable                             0x00000709   Thumb Code    68  main.o(.text.KeyPadEnable)
    KeyPadScanning                           0x0000074d   Thumb Code   140  main.o(.text.KeyPadScanning)
    LCD_SetAddress                           0x000007d9   Thumb Code    28  main.o(.text.LCD_SetAddress)
    LCD_clear                                0x000007f5   Thumb Code    30  main.o(.text.LCD_clear)
    LCD_command                              0x00000815   Thumb Code    32  main.o(.text.LCD_command)
    LCD_data                                 0x00000835   Thumb Code    36  main.o(.text.LCD_data)
    LCD_start                                0x00000859   Thumb Code    40  main.o(.text.LCD_start)
    SPI3_Config                              0x00000881   Thumb Code   128  main.o(.text.SPI3_Config)
    SystemInit                               0x00000901   Thumb Code     2  system_nuc100series.o(.text.SystemInit)
    System_Config                            0x00000905   Thumb Code   264  main.o(.text.System_Config)
    draw_Bmp32x32                            0x00000a0d   Thumb Code   142  lcd.o(.text.draw_Bmp32x32)
    draw_Bmp64x64                            0x00000a9b   Thumb Code   136  lcd.o(.text.draw_Bmp64x64)
    draw_Bmp8x8                              0x00000b23   Thumb Code    82  lcd.o(.text.draw_Bmp8x8)
    draw_Line                                0x00000b75   Thumb Code   210  draw2d.o(.text.draw_Line)
    draw_Pixel                               0x00000c49   Thumb Code    84  lcd.o(.text.draw_Pixel)
    erase_Difficulty                         0x00000c9d   Thumb Code    52  main.o(.text.erase_Difficulty)
    erase_TitleScreen                        0x00000cd1   Thumb Code    72  main.o(.text.erase_TitleScreen)
    erase_backgroundline                     0x00000d19   Thumb Code    88  main.o(.text.erase_backgroundline)
    lcdSetAddr                               0x00000d71   Thumb Code   108  lcd.o(.text.lcdSetAddr)
    lcdWriteData                             0x00000ddd   Thumb Code    48  lcd.o(.text.lcdWriteData)
    main                                     0x00000e0d   Thumb Code  1864  main.o(.text.main)
    printC_5x7                               0x00001555   Thumb Code    92  lcd.o(.text.printC_5x7)
    printS_5x7                               0x000015b1   Thumb Code    40  lcd.o(.text.printS_5x7)
    print_Difficuly_EASY                     0x000015d9   Thumb Code    84  main.o(.text.print_Difficuly_EASY)
    print_Difficuly_HARD                     0x0000162d   Thumb Code    84  main.o(.text.print_Difficuly_HARD)
    print_Difficuly_NORMAL                   0x00001681   Thumb Code    88  main.o(.text.print_Difficuly_NORMAL)
    print_TitleScreen_HowToPlay              0x000016d9   Thumb Code    88  main.o(.text.print_TitleScreen_HowToPlay)
    print_TitleScreen_SCORES                 0x00001731   Thumb Code    84  main.o(.text.print_TitleScreen_SCORES)
    print_TitleScreen_START                  0x00001785   Thumb Code    84  main.o(.text.print_TitleScreen_START)
    print_backgroundline                     0x000017d9   Thumb Code    96  main.o(.text.print_backgroundline)
    Region$$Table$$Base                      0x00001a94   Number         0  anon$$obj.o(Region$$Table)
    Region$$Table$$Limit                     0x00001ab4   Number         0  anon$$obj.o(Region$$Table)
    SystemCoreClock                          0x20000000   Data           4  system_nuc100series.o(.data..L_MergedGlobals)
    CyclesPerUs                              0x20000004   Data           4  system_nuc100series.o(.data..L_MergedGlobals)
    PllClock                                 0x20000008   Data           4  system_nuc100series.o(.data..L_MergedGlobals)
    gau32ClkSrcTbl                           0x2000000c   Data          32  system_nuc100series.o(.data..L_MergedGlobals)
    arrow_down_8x8                           0x2000002c   Data          64  main.o(.data.arrow_down_8x8)
    arrow_left_8x8                           0x2000006c   Data          64  main.o(.data.arrow_left_8x8)
    arrow_right_8x8                          0x200000ac   Data          64  main.o(.data.arrow_right_8x8)
    arrow_up_8x8                             0x200000ec   Data          64  main.o(.data.arrow_up_8x8)
    clouds32x32                              0x2000012c   Data        1024  main.o(.data.clouds32x32)
    player_8x8                               0x2000052c   Data          64  main.o(.data.player_8x8)
    title_screen64x64                        0x2000056c   Data        4096  main.o(.data.title_screen64x64)
    _random_number_data                      0x20001570   Data         228  rand.o(.bss)
    __libspace_start                         0x20001654   Data          96  libspace.o(.bss)
    DisplayBuffer                            0x200016b4   Data        1024  lcd.o(.bss.DisplayBuffer)
    __temporary_stack_top$libspace           0x200016b4   Data           0  libspace.o(.bss)



==============================================================================

Memory Map of the image

  Image Entry point : 0x00000195

  Load Region LR_1 (Base: 0x00000000, Size: 0x00003020, Max: 0xffffffff, ABSOLUTE, COMPRESSED[0x00001c9c])

    Execution Region ER_RO (Exec base: 0x00000000, Load base: 0x00000000, Size: 0x00001ab4, Max: 0xffffffff, ABSOLUTE)

    Exec Addr    Load Addr    Size         Type   Attr      Idx    E Section Name        Object

    0x00000000   0x00000000   0x000000c0   Data   RO          303    RESET               startup_nuc100series.o
    0x000000c0   0x000000c0   0x00000008   Code   RO          355  * !!!main             c_p.l(__main.o)
    0x000000c8   0x000000c8   0x0000003c   Code   RO          543    !!!scatter          c_p.l(__scatter.o)
    0x00000104   0x00000104   0x0000001c   Code   RO          545    !!handler_zi        c_p.l(__scatter_zi.o)
    0x00000120   0x00000120   0x00000002   Code   RO          341    .ARM.Collect$$_printf_percent$$00000000  c_p.l(_printf_percent.o)
    0x00000122   0x00000122   0x0000000a   Code   RO          340    .ARM.Collect$$_printf_percent$$00000009  c_p.l(_printf_d.o)
    0x0000012c   0x0000012c   0x00000004   Code   RO          368    .ARM.Collect$$_printf_percent$$00000017  c_p.l(_printf_percent_end.o)
    0x00000130   0x00000130   0x00000002   Code   RO          457    .ARM.Collect$$libinit$$00000000  c_p.l(libinit.o)
    0x00000132   0x00000132   0x00000000   Code   RO          372    .ARM.Collect$$libinit$$00000002  c_p.l(libinit2.o)
    0x00000132   0x00000132   0x00000000   Code   RO          374    .ARM.Collect$$libinit$$00000004  c_p.l(libinit2.o)
    0x00000132   0x00000132   0x00000000   Code   RO          377    .ARM.Collect$$libinit$$0000000A  c_p.l(libinit2.o)
    0x00000132   0x00000132   0x00000000   Code   RO          379    .ARM.Collect$$libinit$$0000000C  c_p.l(libinit2.o)
    0x00000132   0x00000132   0x00000004   Code   RO          380    .ARM.Collect$$libinit$$0000000D  c_p.l(libinit2.o)
    0x00000136   0x00000136   0x00000000   Code   RO          381    .ARM.Collect$$libinit$$0000000E  c_p.l(libinit2.o)
    0x00000136   0x00000136   0x00000000   Code   RO          384    .ARM.Collect$$libinit$$00000011  c_p.l(libinit2.o)
    0x00000136   0x00000136   0x00000000   Code   RO          386    .ARM.Collect$$libinit$$00000013  c_p.l(libinit2.o)
    0x00000136   0x00000136   0x00000000   Code   RO          388    .ARM.Collect$$libinit$$00000015  c_p.l(libinit2.o)
    0x00000136   0x00000136   0x00000000   Code   RO          390    .ARM.Collect$$libinit$$00000017  c_p.l(libinit2.o)
    0x00000136   0x00000136   0x00000000   Code   RO          392    .ARM.Collect$$libinit$$00000019  c_p.l(libinit2.o)
    0x00000136   0x00000136   0x00000000   Code   RO          394    .ARM.Collect$$libinit$$0000001B  c_p.l(libinit2.o)
    0x00000136   0x00000136   0x00000000   Code   RO          396    .ARM.Collect$$libinit$$0000001D  c_p.l(libinit2.o)
    0x00000136   0x00000136   0x00000000   Code   RO          398    .ARM.Collect$$libinit$$0000001F  c_p.l(libinit2.o)
    0x00000136   0x00000136   0x00000000   Code   RO          400    .ARM.Collect$$libinit$$00000021  c_p.l(libinit2.o)
    0x00000136   0x00000136   0x00000000   Code   RO          402    .ARM.Collect$$libinit$$00000023  c_p.l(libinit2.o)
    0x00000136   0x00000136   0x00000000   Code   RO          404    .ARM.Collect$$libinit$$00000025  c_p.l(libinit2.o)
    0x00000136   0x00000136   0x00000000   Code   RO          408    .ARM.Collect$$libinit$$0000002C  c_p.l(libinit2.o)
    0x00000136   0x00000136   0x00000000   Code   RO          410    .ARM.Collect$$libinit$$0000002E  c_p.l(libinit2.o)
    0x00000136   0x00000136   0x00000000   Code   RO          412    .ARM.Collect$$libinit$$00000030  c_p.l(libinit2.o)
    0x00000136   0x00000136   0x00000000   Code   RO          414    .ARM.Collect$$libinit$$00000032  c_p.l(libinit2.o)
    0x00000136   0x00000136   0x00000002   Code   RO          415    .ARM.Collect$$libinit$$00000033  c_p.l(libinit2.o)
    0x00000138   0x00000138   0x00000002   Code   RO          508    .ARM.Collect$$libshutdown$$00000000  c_p.l(libshutdown.o)
    0x0000013a   0x0000013a   0x00000000   Code   RO          524    .ARM.Collect$$libshutdown$$00000002  c_p.l(libshutdown2.o)
    0x0000013a   0x0000013a   0x00000000   Code   RO          526    .ARM.Collect$$libshutdown$$00000004  c_p.l(libshutdown2.o)
    0x0000013a   0x0000013a   0x00000000   Code   RO          529    .ARM.Collect$$libshutdown$$00000007  c_p.l(libshutdown2.o)
    0x0000013a   0x0000013a   0x00000000   Code   RO          532    .ARM.Collect$$libshutdown$$0000000A  c_p.l(libshutdown2.o)
    0x0000013a   0x0000013a   0x00000000   Code   RO          534    .ARM.Collect$$libshutdown$$0000000C  c_p.l(libshutdown2.o)
    0x0000013a   0x0000013a   0x00000000   Code   RO          537    .ARM.Collect$$libshutdown$$0000000F  c_p.l(libshutdown2.o)
    0x0000013a   0x0000013a   0x00000002   Code   RO          538    .ARM.Collect$$libshutdown$$00000010  c_p.l(libshutdown2.o)
    0x0000013c   0x0000013c   0x00000000   Code   RO          357    .ARM.Collect$$rtentry$$00000000  c_p.l(__rtentry.o)
    0x0000013c   0x0000013c   0x00000000   Code   RO          417    .ARM.Collect$$rtentry$$00000002  c_p.l(__rtentry2.o)
    0x0000013c   0x0000013c   0x00000006   Code   RO          429    .ARM.Collect$$rtentry$$00000004  c_p.l(__rtentry4.o)
    0x00000142   0x00000142   0x00000000   Code   RO          419    .ARM.Collect$$rtentry$$00000009  c_p.l(__rtentry2.o)
    0x00000142   0x00000142   0x00000004   Code   RO          420    .ARM.Collect$$rtentry$$0000000A  c_p.l(__rtentry2.o)
    0x00000146   0x00000146   0x00000000   Code   RO          422    .ARM.Collect$$rtentry$$0000000C  c_p.l(__rtentry2.o)
    0x00000146   0x00000146   0x00000008   Code   RO          423    .ARM.Collect$$rtentry$$0000000D  c_p.l(__rtentry2.o)
    0x0000014e   0x0000014e   0x00000002   Code   RO          466    .ARM.Collect$$rtexit$$00000000  c_p.l(rtexit.o)
    0x00000150   0x00000150   0x00000000   Code   RO          488    .ARM.Collect$$rtexit$$00000002  c_p.l(rtexit2.o)
    0x00000150   0x00000150   0x00000004   Code   RO          489    .ARM.Collect$$rtexit$$00000003  c_p.l(rtexit2.o)
    0x00000154   0x00000154   0x00000006   Code   RO          490    .ARM.Collect$$rtexit$$00000004  c_p.l(rtexit2.o)
    0x0000015a   0x0000015a   0x00000002   PAD
    0x0000015c   0x0000015c   0x00000038   Code   RO          342    .emb_text           c_p.l(rand.o)
    0x00000194   0x00000194   0x00000064   Code   RO          304  * .text               startup_nuc100series.o
    0x000001f8   0x000001f8   0x00000028   Code   RO          314    .text               c_p.l(noretval__2sprintf.o)
    0x00000220   0x00000220   0x0000006c   Code   RO          316    .text               c_p.l(__printf.o)
    0x0000028c   0x0000028c   0x0000006c   Code   RO          318    .text               c_p.l(_printf_dec.o)
    0x000002f8   0x000002f8   0x0000003c   Code   RO          343    .text               c_p.l(rand.o)
    0x00000334   0x00000334   0x00000044   Code   RO          347    .text               c_p.l(strlen.o)
    0x00000378   0x00000378   0x0000016c   Code   RO          349    .text               c_p.l(aeabi_sdiv.o)
    0x000004e4   0x000004e4   0x00000006   Code   RO          353    .text               c_p.l(heapauxi.o)
    0x000004ea   0x000004ea   0x000000b0   Code   RO          362    .text               c_p.l(_printf_intcommon.o)
    0x0000059a   0x0000059a   0x00000002   PAD
    0x0000059c   0x0000059c   0x00000030   Code   RO          364    .text               c_p.l(_printf_char_common.o)
    0x000005cc   0x000005cc   0x0000000a   Code   RO          366    .text               c_p.l(_sputc.o)
    0x000005d6   0x000005d6   0x00000028   Code   RO          369    .text               c_p.l(rtudiv10.o)
    0x000005fe   0x000005fe   0x0000003e   Code   RO          439    .text               c_p.l(sys_stackheap_outer.o)
    0x0000063c   0x0000063c   0x00000010   Code   RO          442    .text               c_p.l(exit.o)
    0x0000064c   0x0000064c   0x00000008   Code   RO          462    .text               c_p.l(libspace.o)
    0x00000654   0x00000654   0x0000000c   Code   RO          480    .text               c_p.l(sys_exit.o)
    0x00000660   0x00000660   0x00000002   Code   RO          484    .text               c_p.l(use_no_semi.o)
    0x00000662   0x00000662   0x00000000   Code   RO          486    .text               c_p.l(indicate_semi.o)
    0x00000662   0x00000662   0x00000056   Code   RO          541    .text               c_p.l(__dczerorl2.o)
    0x000006b8   0x000006b8   0x00000024   Code   RO           14    .text.CLK_SysTickDelay  main.o
    0x000006dc   0x000006dc   0x0000002a   Code   RO          125    .text.GPIO_SetMode  gpio.o
    0x00000706   0x00000706   0x00000002   PAD
    0x00000708   0x00000708   0x00000044   Code   RO            6    .text.KeyPadEnable  main.o
    0x0000074c   0x0000074c   0x0000008c   Code   RO           22    .text.KeyPadScanning  main.o
    0x000007d8   0x000007d8   0x0000001c   Code   RO           42    .text.LCD_SetAddress  main.o
    0x000007f4   0x000007f4   0x0000001e   Code   RO           12    .text.LCD_clear     main.o
    0x00000812   0x00000812   0x00000002   PAD
    0x00000814   0x00000814   0x00000020   Code   RO           38    .text.LCD_command   main.o
    0x00000834   0x00000834   0x00000024   Code   RO           40    .text.LCD_data      main.o
    0x00000858   0x00000858   0x00000028   Code   RO           10    .text.LCD_start     main.o
    0x00000880   0x00000880   0x00000080   Code   RO            8    .text.SPI3_Config   main.o
    0x00000900   0x00000900   0x00000002   Code   RO           65    .text.SystemInit    system_nuc100series.o
    0x00000902   0x00000902   0x00000002   PAD
    0x00000904   0x00000904   0x00000108   Code   RO            4    .text.System_Config  main.o
    0x00000a0c   0x00000a0c   0x0000008e   Code   RO          223    .text.draw_Bmp32x32  lcd.o
    0x00000a9a   0x00000a9a   0x00000088   Code   RO          229    .text.draw_Bmp64x64  lcd.o
    0x00000b22   0x00000b22   0x00000052   Code   RO          197    .text.draw_Bmp8x8   lcd.o
    0x00000b74   0x00000b74   0x000000d2   Code   RO          284    .text.draw_Line     draw2d.o
    0x00000c46   0x00000c46   0x00000002   PAD
    0x00000c48   0x00000c48   0x00000054   Code   RO          199    .text.draw_Pixel    lcd.o
    0x00000c9c   0x00000c9c   0x00000034   Code   RO           32    .text.erase_Difficulty  main.o
    0x00000cd0   0x00000cd0   0x00000048   Code   RO           24    .text.erase_TitleScreen  main.o
    0x00000d18   0x00000d18   0x00000058   Code   RO           36    .text.erase_backgroundline  main.o
    0x00000d70   0x00000d70   0x0000006c   Code   RO          181    .text.lcdSetAddr    lcd.o
    0x00000ddc   0x00000ddc   0x00000030   Code   RO          179    .text.lcdWriteData  lcd.o
    0x00000e0c   0x00000e0c   0x00000748   Code   RO            2    .text.main          main.o
    0x00001554   0x00001554   0x0000005c   Code   RO          189    .text.printC_5x7    lcd.o
    0x000015b0   0x000015b0   0x00000028   Code   RO          195    .text.printS_5x7    lcd.o
    0x000015d8   0x000015d8   0x00000054   Code   RO           26    .text.print_Difficuly_EASY  main.o
    0x0000162c   0x0000162c   0x00000054   Code   RO           30    .text.print_Difficuly_HARD  main.o
    0x00001680   0x00001680   0x00000058   Code   RO           28    .text.print_Difficuly_NORMAL  main.o
    0x000016d8   0x000016d8   0x00000058   Code   RO           18    .text.print_TitleScreen_HowToPlay  main.o
    0x00001730   0x00001730   0x00000054   Code   RO           20    .text.print_TitleScreen_SCORES  main.o
    0x00001784   0x00001784   0x00000054   Code   RO           16    .text.print_TitleScreen_START  main.o
    0x000017d8   0x000017d8   0x00000060   Code   RO           34    .text.print_backgroundline  main.o
    0x00001838   0x00001838   0x000001e0   Data   RO          235    .rodata.Font5x7     lcd.o
    0x00001a18   0x00001a18   0x0000007a   Data   RO           53    .rodata.str1.1      main.o
    0x00001a92   0x00001a92   0x00000002   PAD
    0x00001a94   0x00001a94   0x00000020   Data   RO          540    Region$$Table       anon$$obj.o


    Execution Region ER_RW (Exec base: 0x20000000, Load base: 0x00001ab4, Size: 0x0000156c, Max: 0xffffffff, ABSOLUTE, COMPRESSED[0x000001e8])

    Exec Addr    Load Addr    Size         Type   Attr      Idx    E Section Name        Object

    0x20000000   COMPRESSED   0x0000002c   Data   RW           67    .data..L_MergedGlobals  system_nuc100series.o
    0x2000002c   COMPRESSED   0x00000040   Data   RW           47    .data.arrow_down_8x8  main.o
    0x2000006c   COMPRESSED   0x00000040   Data   RW           48    .data.arrow_left_8x8  main.o
    0x200000ac   COMPRESSED   0x00000040   Data   RW           49    .data.arrow_right_8x8  main.o
    0x200000ec   COMPRESSED   0x00000040   Data   RW           46    .data.arrow_up_8x8  main.o
    0x2000012c   COMPRESSED   0x00000400   Data   RW           44    .data.clouds32x32   main.o
    0x2000052c   COMPRESSED   0x00000040   Data   RW           51    .data.player_8x8    main.o
    0x2000056c   COMPRESSED   0x00001000   Data   RW           45    .data.title_screen64x64  main.o


    Execution Region ER_ZI (Exec base: 0x20001570, Load base: 0x00001c9c, Size: 0x00000948, Max: 0xffffffff, ABSOLUTE)

    Exec Addr    Load Addr    Size         Type   Attr      Idx    E Section Name        Object

    0x20001570        -       0x000000e4   Zero   RW          344    .bss                c_p.l(rand.o)
    0x20001654        -       0x00000060   Zero   RW          463    .bss                c_p.l(libspace.o)
    0x200016b4        -       0x00000400   Zero   RW          234    .bss.DisplayBuffer  lcd.o
    0x20001ab4   0x00001c9c   0x00000004   PAD
    0x20001ab8        -       0x00000000   Zero   RW          302    HEAP                startup_nuc100series.o
    0x20001ab8        -       0x00000400   Zero   RW          301    STACK               startup_nuc100series.o


==============================================================================

Image component sizes


      Code (inc. data)   RO Data    RW Data    ZI Data      Debug   Object Name

       210          0          0          0          0       3970   draw2d.o
        42          0          0          0          0       1491   gpio.o
       732         12        480          0       1024      16447   lcd.o
      3486        472        122       5440          0      10853   main.o
       100         46        192          0       1024        740   startup_nuc100series.o
         2          0          0         44          0       2206   system_nuc100series.o

    ----------------------------------------------------------------------
      4580        530        828       5484       2052      35707   Object Totals
         0          0         32          0          0          0   (incl. Generated)
         8          0          2          0          4          0   (incl. Padding)

    ----------------------------------------------------------------------

      Code (inc. data)   RO Data    RW Data    ZI Data      Debug   Library Member Name

        86          0          0          0          0          0   __dczerorl2.o
         8          0          0          0          0         68   __main.o
       108          0          0          0          0         76   __printf.o
         0          0          0          0          0          0   __rtentry.o
        12          0          0          0          0          0   __rtentry2.o
         6          0          0          0          0          0   __rtentry4.o
        60          8          0          0          0          0   __scatter.o
        28          0          0          0          0          0   __scatter_zi.o
        48          6          0          0          0         88   _printf_char_common.o
        10          0          0          0          0          0   _printf_d.o
       108         18          0          0          0         76   _printf_dec.o
       176          0          0          0          0         84   _printf_intcommon.o
         2          0          0          0          0          0   _printf_percent.o
         4          0          0          0          0          0   _printf_percent_end.o
        10          0          0          0          0         60   _sputc.o
       364          4          0          0          0         92   aeabi_sdiv.o
        16          0          0          0          0         68   exit.o
         6          0          0          0          0        136   heapauxi.o
         0          0          0          0          0          0   indicate_semi.o
         2          0          0          0          0          0   libinit.o
         6          0          0          0          0          0   libinit2.o
         2          0          0          0          0          0   libshutdown.o
         2          0          0          0          0          0   libshutdown2.o
         8          4          0          0         96         68   libspace.o
        40          4          0          0          0         84   noretval__2sprintf.o
       116         16          0          0        228        156   rand.o
         2          0          0          0          0          0   rtexit.o
        10          0          0          0          0          0   rtexit2.o
        40          0          0          0          0         60   rtudiv10.o
        68          6          0          0          0         72   strlen.o
        12          4          0          0          0         60   sys_exit.o
        62          0          0          0          0         80   sys_stackheap_outer.o
         2          0          0          0          0         68   use_no_semi.o

    ----------------------------------------------------------------------
      1428         70          0          0        324       1396   Library Totals
         4          0          0          0          0          0   (incl. Padding)

    ----------------------------------------------------------------------

      Code (inc. data)   RO Data    RW Data    ZI Data      Debug   Library Name

      1424         70          0          0        324       1396   c_p.l

    ----------------------------------------------------------------------
      1428         70          0          0        324       1396   Library Totals

    ----------------------------------------------------------------------

==============================================================================


      Code (inc. data)   RO Data    RW Data    ZI Data      Debug   

      6008        600        828       5484       2376      36451   Grand Totals
      6008        600        828        488       2376      36451   ELF Image Totals (compressed)
      6008        600        828        488          0          0   ROM Totals

==============================================================================

    Total RO  Size (Code + RO Data)                 6836 (   6.68kB)
    Total RW  Size (RW Data + ZI Data)              7860 (   7.68kB)
    Total ROM Size (Code + RO Data + RW Data)       7324 (   7.15kB)

==============================================================================

